
Allocating common symbols
Common symbol       size              file

netbufpool          0x4               binaries/net.o
readylist           0x2               binaries/ready.o
rfltab              0x5a0             binaries/rflinit.o
sleepq              0x2               binaries/clkinit.o
nnames              0x4               binaries/naminit.o
udptab              0x168             binaries/udp.o
minheap             0x4               binaries/meminit.o
marks               0x50              binaries/mark.o
currpid             0x4               binaries/initialize.o
Lf_data             0x20c             binaries/lfsinit.o
porttab             0x2d0             binaries/ptinit.o
girmask             0x2               binaries/evec.o
ttytab              0x10c             binaries/ttyinit.o
proctab             0x1770            binaries/initialize.o
prcount             0x4               binaries/initialize.o
lfltab              0xf00             binaries/lflinit.o
rdstab              0x8c              binaries/rdsinit.o
ethertab            0x138             binaries/ethinit.o
NetData             0xa8              binaries/net.o
nmarks              0x4               binaries/mark.o
Defer               0x8               binaries/resched.o
semtab              0x4b0             binaries/initialize.o
maxheap             0x4               binaries/meminit.o
preempt             0x4               binaries/clkinit.o
buftab              0xf0              binaries/bufinit.o
Rf_data             0x18              binaries/rfsinit.o
mkmutex             0x4               binaries/mark.o
clktime             0x4               binaries/clkinit.o
arpcache            0x140             binaries/arp.o
icmptab             0x230             binaries/icmp.o
nbpools             0x4               binaries/bufinit.o
queuetab            0x980             binaries/queue.o
ptnextid            0x4               binaries/ptinit.o
Ram                 0x19000           binaries/raminit.o
ipoqueue            0x2c              binaries/ip.o
memlist             0x8               binaries/initialize.o
nametab             0x19a0            binaries/naminit.o
ptfree              0x4               binaries/ptinit.o

Memory Configuration

Name             Origin             Length             Attributes
*default*        0x0000000000000000 0xffffffffffffffff

Linker script and memory map

                0x0000000000100000                physbase = 0x100000
                0x0000000000100000                . = physbase
                0x0000000000100000                . = ALIGN (0x1000)

.text           0x0000000000100000    0x14000
                0x0000000000100000                text = ABSOLUTE (.)
 *(.text .text.*)
 .text          0x0000000000100000      0x1ac binaries/start.o
                0x0000000000100028                start
                0x00000000001000fa                inb
                0x0000000000100102                inw
                0x000000000010010b                inl
                0x0000000000100113                outb
                0x000000000010011d                outw
                0x0000000000100128                outl
                0x0000000000100132                _rtcin
                0x000000000010013d                ___udivsi3
                0x0000000000100148                ___divsi3
                0x0000000000100154                sbzero
                0x0000000000100164                bcopy
                0x0000000000100178                insw
                0x000000000010018e                outsw
                0x00000000001001a4                lidt
 .text          0x00000000001001ac      0x2f6 binaries/ascdate.o
                0x00000000001001ac                ascdate
 .text          0x00000000001004a2       0x10 binaries/bufinit.o
                0x00000000001004a2                bufinit
 .text          0x00000000001004b2       0x6a binaries/chprio.o
                0x00000000001004b2                chprio
 .text          0x000000000010051c       0xa0 binaries/clkhandler.o
                0x000000000010051c                clkhandler
 .text          0x00000000001005bc       0x76 binaries/clkinit.o
                0x00000000001005bc                clkinit
 .text          0x0000000000100632       0x4e binaries/close.o
                0x0000000000100632                close
 .text          0x0000000000100680        0x0 binaries/conf.o
 .text          0x0000000000100680       0x66 binaries/control.o
                0x0000000000100680                control
 .text          0x00000000001006e6      0x1ea binaries/create.o
                0x00000000001006e6                create
 .text          0x00000000001008d0      0x2b9 binaries/early_imr.o
                0x00000000001008d0                intel_cln_early_sb_read_reg
                0x0000000000100937                intel_cln_early_sb_write_reg
                0x0000000000100a47                remove_irm_protections
 .text          0x0000000000100b89      0x376 binaries/evec.o
                0x0000000000100b89                setirmask
                0x0000000000100bc7                set_evec
                0x0000000000100c24                initevec
                0x0000000000100d34                trap
 .text          0x0000000000100eff       0x67 binaries/freebuf.o
                0x0000000000100eff                freebuf
 .text          0x0000000000100f66       0xeb binaries/freemem.o
                0x0000000000100f66                freemem
 .text          0x0000000000101051       0x64 binaries/getbuf.o
                0x0000000000101051                getbuf
 .text          0x00000000001010b5       0x4e binaries/getc.o
                0x00000000001010b5                getc
 .text          0x0000000000101103       0x60 binaries/getdev.o
                0x0000000000101103                getdev
 .text          0x0000000000101163       0x83 binaries/getitem.o
                0x0000000000101163                getitem
                0x000000000010118f                getfirst
                0x00000000001011b8                getlast
 .text          0x00000000001011e6       0xb2 binaries/getmem.o
                0x00000000001011e6                getmem
 .text          0x0000000000101298        0x6 binaries/getpid.o
                0x0000000000101298                getpid
 .text          0x000000000010129e       0x5c binaries/getprio.o
                0x000000000010129e                getprio
 .text          0x00000000001012fa       0x9a binaries/getstk.o
                0x00000000001012fa                getstk
 .text          0x0000000000101394       0x34 binaries/gettime.o
                0x0000000000101394                gettime
 .text          0x00000000001013c8      0x1b8 binaries/getutime.o
                0x00000000001013c8                getutime
 .text          0x0000000000101580       0x4e binaries/init.o
                0x0000000000101580                init
 .text          0x00000000001015ce      0x25c binaries/initialize.o
                0x00000000001015ce                nulluser
                0x00000000001017e2                stop
                0x0000000000101807                delay
 .text          0x000000000010182a       0xa0 binaries/insert.o
                0x000000000010182a                insert
 .text          0x00000000001018ca       0xe9 binaries/insertd.o
                0x00000000001018ca                insertd
 .text          0x00000000001019b3        0x6 binaries/ioerr.o
                0x00000000001019b3                ioerr
 .text          0x00000000001019b9        0x6 binaries/ionull.o
                0x00000000001019b9                ionull
 .text          0x00000000001019bf      0x13a binaries/kill.o
                0x00000000001019bf                kill
 .text          0x0000000000101af9       0xb8 binaries/kprintf.o
                0x0000000000101af9                kputc
                0x0000000000101b28                console_init
                0x0000000000101b67                kgetc
                0x0000000000101b89                kprintf
 .text          0x0000000000101bb1      0x143 binaries/main.o
                0x0000000000101bb1                cb
                0x0000000000101bd6                cb1
                0x0000000000101c14                rec_process
                0x0000000000101c35                cpu_process
                0x0000000000101c56                main
 .text          0x0000000000101cf4       0x93 binaries/mark.o
                0x0000000000101cf4                markinit
                0x0000000000101d16                mark
 .text          0x0000000000101d87      0x1d1 binaries/meminit.o
                0x0000000000101d87                meminit
                0x0000000000101ee1                setsegs
 .text          0x0000000000101f58      0x117 binaries/mkbufpool.o
                0x0000000000101f58                mkbufpool
 .text          0x000000000010206f       0x5e binaries/newqueue.o
                0x000000000010206f                newqueue
 .text          0x00000000001020cd       0x5e binaries/open.o
                0x00000000001020cd                open
 .text          0x000000000010212b       0x1e binaries/panic.o
                0x000000000010212b                panic
 .text          0x0000000000102149      0x26e binaries/pci.o
                0x0000000000102149                pci_init
                0x000000000010214f                find_pci_device
                0x0000000000102205                pci_read_config_byte
                0x0000000000102240                pci_read_config_word
                0x000000000010227d                pci_read_config_dword
                0x00000000001022b8                pci_write_config_byte
                0x00000000001022f1                pci_write_config_word
                0x000000000010232b                pci_write_config_dword
                0x0000000000102364                pci_get_dev_mmio_base_addr
 .text          0x00000000001023b7       0x59 binaries/platinit.o
                0x00000000001023b7                platinit
 .text          0x0000000000102410       0xa3 binaries/ptclear.o
                0x0000000000102410                _ptclear
 .text          0x00000000001024b3       0x6e binaries/ptcount.o
                0x00000000001024b3                ptcount
 .text          0x0000000000102521       0xc0 binaries/ptcreate.o
                0x0000000000102521                ptcreate
 .text          0x00000000001025e1       0x66 binaries/ptdelete.o
                0x00000000001025e1                ptdelete
 .text          0x0000000000102647       0x89 binaries/ptinit.o
                0x0000000000102647                ptinit
 .text          0x00000000001026d0       0xb5 binaries/ptrecv.o
                0x00000000001026d0                ptrecv
 .text          0x0000000000102785       0x60 binaries/ptreset.o
                0x0000000000102785                ptreset
 .text          0x00000000001027e5       0xd0 binaries/ptsend.o
                0x00000000001027e5                ptsend
 .text          0x00000000001028b5       0x5d binaries/putc.o
                0x00000000001028b5                putc
 .text          0x0000000000102912       0xd5 binaries/quark_irq.o
                0x0000000000102912                quark_irq_routing
 .text          0x00000000001029e7      0x1c9 binaries/quark_pdat.o
                0x00000000001029e7                get_quark_pdat_entry_data_by_id
                0x0000000000102ac8                get_quark_pdat_entry_data_by_desc
 .text          0x0000000000102bb0       0xb3 binaries/queue.o
                0x0000000000102bb0                enqueue
                0x0000000000102c1c                dequeue
 .text          0x0000000000102c63       0x5e binaries/read.o
                0x0000000000102c63                read
 .text          0x0000000000102cc1       0x6e binaries/ready.o
                0x0000000000102cc1                ready
 .text          0x0000000000102d2f       0x51 binaries/receive.o
                0x0000000000102d2f                receive
 .text          0x0000000000102d80       0x42 binaries/recvclr.o
                0x0000000000102d80                recvclr
 .text          0x0000000000102dc2       0x99 binaries/recvtime.o
                0x0000000000102dc2                recvtime
 .text          0x0000000000102e5b       0x21 binaries/registercb.o
                0x0000000000102e5b                registercb
 .text          0x0000000000102e7c       0x70 binaries/registercbsig.o
                0x0000000000102e7c                registercbsig
 .text          0x0000000000102eec      0x14b binaries/resched.o
                0x0000000000102eec                resched
                0x0000000000102fc4                resched_cntl
 .text          0x0000000000103037       0x87 binaries/resume.o
                0x0000000000103037                resume
 .text          0x00000000001030be       0x56 binaries/seek.o
                0x00000000001030be                seek
 .text          0x0000000000103114       0x47 binaries/semcount.o
                0x0000000000103114                semcount
 .text          0x000000000010315b       0x8d binaries/semcreate.o
                0x000000000010315b                semcreate
 .text          0x00000000001031e8       0xa8 binaries/semdelete.o
                0x00000000001031e8                semdelete
 .text          0x0000000000103290       0x95 binaries/semreset.o
                0x0000000000103290                semreset
 .text          0x0000000000103325       0xb4 binaries/send.o
                0x0000000000103325                send
 .text          0x00000000001033d9       0x7c binaries/signal.o
                0x00000000001033d9                signal
 .text          0x0000000000103455       0xa8 binaries/signaln.o
                0x0000000000103455                signaln
 .text          0x00000000001034fd       0xbc binaries/sleep.o
                0x00000000001034fd                sleepms
                0x0000000000103587                sleep
 .text          0x00000000001035b9      0x179 binaries/stacktrace.o
                0x00000000001035b9                stacktrace
 .text          0x0000000000103732       0xb2 binaries/suspend.o
                0x0000000000103732                suspend
 .text          0x00000000001037e4       0xa8 binaries/unsleep.o
                0x00000000001037e4                unsleep
 .text          0x000000000010388c       0x14 binaries/userret.o
                0x000000000010388c                userret
 .text          0x00000000001038a0       0x9f binaries/wait.o
                0x00000000001038a0                wait
 .text          0x000000000010393f       0x71 binaries/wakeup.o
                0x000000000010393f                wakeup
 .text          0x00000000001039b0       0x5e binaries/write.o
                0x00000000001039b0                write
 .text          0x0000000000103a0e       0x18 binaries/xdone.o
                0x0000000000103a0e                xdone
 .text          0x0000000000103a26       0x22 binaries/yield.o
                0x0000000000103a26                yield
 .text          0x0000000000103a48        0xe binaries/abs.o
                0x0000000000103a48                abs
 .text          0x0000000000103a56       0x70 binaries/atoi.o
                0x0000000000103a56                atoi
 .text          0x0000000000103ac6       0x70 binaries/atol.o
                0x0000000000103ac6                atol
 .text          0x0000000000103b36       0x18 binaries/bzero.o
                0x0000000000103b36                bzero
 .text          0x0000000000103b4e        0x0 binaries/ctype_.o
 .text          0x0000000000103b4e      0x716 binaries/doprnt.o
                0x0000000000103c9c                _doprnt
 .text          0x0000000000104264      0x631 binaries/doscan.o
                0x0000000000104264                _doscan
 .text          0x0000000000104895      0x70a binaries/fdoprnt.o
                0x0000000000104915                _fdoprnt
 .text          0x0000000000104f9f       0x1c binaries/fgetc.o
                0x0000000000104f9f                fgetc
 .text          0x0000000000104fbb       0x5e binaries/fgets.o
                0x0000000000104fbb                fgets
 .text          0x0000000000105019       0x30 binaries/fprintf.o
                0x0000000000105019                fprintf
 .text          0x0000000000105049       0x29 binaries/fputc.o
                0x0000000000105049                fputc
 .text          0x0000000000105072       0x3a binaries/fputs.o
                0x0000000000105072                fputs
 .text          0x00000000001050ac       0x7a binaries/fscanf.o
                0x00000000001050e3                fscanf
 .text          0x0000000000105126       0x27 binaries/getchar.o
                0x0000000000105126                getchar
 .text          0x000000000010514d        0xe binaries/labs.o
                0x000000000010514d                labs
 .text          0x000000000010515b       0x32 binaries/memchr.o
                0x000000000010515b                memchr
 .text          0x000000000010518d       0x4a binaries/memcmp.o
                0x000000000010518d                memcmp
 .text          0x00000000001051d7       0x25 binaries/memcpy.o
                0x00000000001051d7                memcpy
 .text          0x00000000001051fc       0x1e binaries/memset.o
                0x00000000001051fc                memset
 .text          0x000000000010521a       0x44 binaries/printf.o
                0x000000000010521a                printf
 .text          0x000000000010525e       0x2f binaries/putchar.o
                0x000000000010525e                putchar
 .text          0x000000000010528d      0x1cb binaries/qsort.o
                0x000000000010542d                qsort
 .text          0x0000000000105458       0x44 binaries/rand.o
                0x0000000000105458                srand
                0x0000000000105462                rand
 .text          0x000000000010549c       0x55 binaries/sprintf.o
                0x00000000001054b3                sprintf
 .text          0x00000000001054f1       0x6c binaries/sscanf.o
                0x000000000010551a                sscanf
 .text          0x000000000010555d       0x33 binaries/strchr.o
                0x000000000010555d                strchr
 .text          0x0000000000105590       0x43 binaries/strcmp.o
                0x0000000000105590                strcmp
 .text          0x00000000001055d3       0x1a binaries/strcpy.o
                0x00000000001055d3                strcpy
 .text          0x00000000001055ed       0x1c binaries/strlen.o
                0x00000000001055ed                strlen
 .text          0x0000000000105609       0x3b binaries/strncat.o
                0x0000000000105609                strncat
 .text          0x0000000000105644       0x3a binaries/strncmp.o
                0x0000000000105644                strncmp
 .text          0x000000000010567e       0x58 binaries/strncpy.o
                0x000000000010567e                strncpy
 .text          0x00000000001056d6       0x2e binaries/strnlen.o
                0x00000000001056d6                strnlen
 .text          0x0000000000105704       0x30 binaries/strrchr.o
                0x0000000000105704                strrchr
 .text          0x0000000000105734       0x6e binaries/strstr.o
                0x0000000000105734                strstr
 .text          0x00000000001057a2       0xbb binaries/ttycontrol.o
                0x00000000001057a2                ttycontrol
 .text          0x000000000010585d       0x7b binaries/ttygetc.o
                0x000000000010585d                ttygetc
 .text          0x00000000001058d8      0x469 binaries/ttyhandle_in.o
                0x000000000010598d                ttyhandle_in
 .text          0x0000000000105d41      0x164 binaries/ttyhandle_out.o
                0x0000000000105d41                ttyhandle_out
 .text          0x0000000000105ea5       0x83 binaries/ttyhandler.o
                0x0000000000105ea5                ttyhandler
 .text          0x0000000000105f28      0x14e binaries/ttyinit.o
                0x0000000000105f28                ttyinit
 .text          0x0000000000106076        0xc binaries/ttykickout.o
                0x0000000000106076                ttykickout
 .text          0x0000000000106082       0x93 binaries/ttyputc.o
                0x0000000000106082                ttyputc
 .text          0x0000000000106115       0xe2 binaries/ttyread.o
                0x0000000000106115                ttyread
 .text          0x00000000001061f7       0x4d binaries/ttywrite.o
                0x00000000001061f7                ttywrite
 .text          0x0000000000106244      0x10d binaries/mount.o
                0x0000000000106244                namlen
                0x000000000010627c                mount
 .text          0x0000000000106351      0x1d5 binaries/naminit.o
                0x0000000000106351                naminit
 .text          0x0000000000106526      0x203 binaries/nammap.o
                0x0000000000106526                namrepl
                0x0000000000106639                namcpy
                0x0000000000106686                nammap
 .text          0x0000000000106729       0x58 binaries/namopen.o
                0x0000000000106729                namopen
 .text          0x0000000000106781       0xd0 binaries/colon2mac.o
                0x0000000000106781                colon2mac
 .text          0x0000000000106851       0x7b binaries/ethcontrol.o
                0x0000000000106851                ethcontrol
 .text          0x00000000001068cc       0xfa binaries/ethhandler.o
                0x00000000001068cc                ethhandler
 .text          0x00000000001069c6      0x4cf binaries/ethinit.o
                0x00000000001069c6                eth_phy_read
                0x0000000000106a05                eth_phy_write
                0x0000000000106a47                eth_phy_reset
                0x0000000000106b43                ethinit
 .text          0x0000000000106e95      0x11a binaries/ethmcast.o
                0x0000000000106e95                ethmcast_add
                0x0000000000106ee8                ethmcast_remove
 .text          0x0000000000106faf      0x156 binaries/ethread.o
                0x0000000000106faf                ethread
 .text          0x0000000000107105       0xa3 binaries/ethwrite.o
                0x0000000000107105                ethwrite
 .text          0x00000000001071a8       0x62 binaries/rdsbufalloc.o
                0x00000000001071a8                rdsbufalloc
 .text          0x000000000010720a       0x7f binaries/rdsclose.o
                0x000000000010720a                rdsclose
 .text          0x0000000000107289      0x200 binaries/rdscomm.o
                0x0000000000107289                rdscomm
 .text          0x0000000000107489      0x194 binaries/rdscontrol.o
                0x0000000000107489                rdscontrol
 .text          0x000000000010761d      0x17e binaries/rdsinit.o
                0x000000000010761d                rdsinit
 .text          0x000000000010779b      0x15f binaries/rdsopen.o
                0x000000000010779b                rdsopen
 .text          0x00000000001078fa      0x2d8 binaries/rdsprocess.o
                0x00000000001078fa                rdsprocess
 .text          0x0000000000107bd2      0x18a binaries/rdsread.o
                0x0000000000107bd2                rdsread
 .text          0x0000000000107d5c      0x141 binaries/rdswrite.o
                0x0000000000107d5c                rdswrite
 .text          0x0000000000107e9d        0x6 binaries/ramclose.o
                0x0000000000107e9d                ramclose
 .text          0x0000000000107ea3       0x44 binaries/raminit.o
                0x0000000000107ea3                raminit
 .text          0x0000000000107ee7        0x7 binaries/ramopen.o
                0x0000000000107ee7                ramopen
 .text          0x0000000000107eee       0x30 binaries/ramread.o
                0x0000000000107eee                ramread
 .text          0x0000000000107f1e       0x30 binaries/ramwrite.o
                0x0000000000107f1e                ramwrite
 .text          0x0000000000107f4e       0x91 binaries/lfdballoc.o
                0x0000000000107f4e                lfdballoc
 .text          0x0000000000107fdf       0x5d binaries/lfdbfree.o
                0x0000000000107fdf                lfdbfree
 .text          0x000000000010803c       0xaa binaries/lfflush.o
                0x000000000010803c                lfflush
 .text          0x00000000001080e6       0x7a binaries/lfgetmode.o
                0x00000000001080e6                lfgetmode
 .text          0x0000000000108160       0x68 binaries/lfiballoc.o
                0x0000000000108160                lfiballoc
 .text          0x00000000001081c8       0x25 binaries/lfibclear.o
                0x00000000001081c8                lfibclear
 .text          0x00000000001081ed       0x7a binaries/lfibget.o
                0x00000000001081ed                lfibget
 .text          0x0000000000108267       0xa0 binaries/lfibput.o
                0x0000000000108267                lfibput
 .text          0x0000000000108307       0x76 binaries/lflclose.o
                0x0000000000108307                lflclose
 .text          0x000000000010837d       0xa2 binaries/lflcontrol.o
                0x000000000010837d                lflcontrol
 .text          0x000000000010841f       0x9e binaries/lflgetc.o
                0x000000000010841f                lflgetc
 .text          0x00000000001084bd       0xb8 binaries/lflinit.o
                0x00000000001084bd                lflinit
 .text          0x0000000000108575       0xba binaries/lflputc.o
                0x0000000000108575                lflputc
 .text          0x000000000010862f       0x6a binaries/lflread.o
                0x000000000010862f                lflread
 .text          0x0000000000108699       0x82 binaries/lflseek.o
                0x0000000000108699                lflseek
 .text          0x000000000010871b       0x56 binaries/lflwrite.o
                0x000000000010871b                lflwrite
 .text          0x0000000000108771      0x129 binaries/lfsckfmt.o
                0x0000000000108771                lfsckfmt
 .text          0x000000000010889a      0x1d9 binaries/lfscreate.o
                0x000000000010889a                lfscreate
 .text          0x0000000000108a73      0x1aa binaries/lfsetup.o
                0x0000000000108a73                lfsetup
 .text          0x0000000000108c1d       0x51 binaries/lfsinit.o
                0x0000000000108c1d                lfsinit
 .text          0x0000000000108c6e      0x2ad binaries/lfsopen.o
                0x0000000000108c6e                lfsopen
 .text          0x0000000000108f1b      0x11c binaries/lftruncate.o
                0x0000000000108f1b                lftruncate
 .text          0x0000000000109037       0x5a binaries/rflclose.o
                0x0000000000109037                rflclose
 .text          0x0000000000109091       0x34 binaries/rflgetc.o
                0x0000000000109091                rflgetc
 .text          0x00000000001090c5       0x4b binaries/rflinit.o
                0x00000000001090c5                rflinit
 .text          0x0000000000109110       0x3a binaries/rflputc.o
                0x0000000000109110                rflputc
 .text          0x000000000010914a      0x296 binaries/rflread.o
                0x000000000010914a                rflread
 .text          0x00000000001093e0       0x60 binaries/rflseek.o
                0x00000000001093e0                rflseek
 .text          0x0000000000109440      0x2b3 binaries/rflwrite.o
                0x0000000000109440                rflwrite
 .text          0x00000000001096f3      0x17f binaries/rfscomm.o
                0x00000000001096f3                rfscomm
 .text          0x0000000000109872      0x24a binaries/rfscontrol.o
                0x0000000000109872                rfscontrol
 .text          0x0000000000109abc       0x7a binaries/rfsgetmode.o
                0x0000000000109abc                rfsgetmode
 .text          0x0000000000109b36       0x76 binaries/rfsinit.o
                0x0000000000109b36                rfsinit
 .text          0x0000000000109bac       0xbb binaries/rfsndmsg.o
                0x0000000000109bac                rfsndmsg
 .text          0x0000000000109c67      0x229 binaries/rfsopen.o
                0x0000000000109c67                rfsopen
 .text          0x0000000000109e90      0x64d binaries/arp.o
                0x0000000000109e90                arp_init
                0x0000000000109ea8                arp_alloc
                0x0000000000109f58                arp_ntoh
                0x0000000000109fc2                arp_hton
                0x000000000010a02c                arp_resolve
                0x000000000010a2ab                arp_in
 .text          0x000000000010a4dd      0x614 binaries/dhcp.o
                0x000000000010a4dd                dhcp_get_opt_val
                0x000000000010a530                dhcp_bld_bootp_msg
                0x000000000010a630                dhcp_bld_disc
                0x000000000010a682                dhcp_bld_req
                0x000000000010a720                getlocalip
 .text          0x000000000010aaf1       0xcb binaries/dot2ip.o
                0x000000000010aaf1                dot2ip
 .text          0x000000000010abbc      0x366 binaries/hexdump.o
                0x000000000010abbc                hexdump
                0x000000000010aceb                hexadump
 .text          0x000000000010af22      0x5ef binaries/icmp.o
                0x000000000010af22                icmp_init
                0x000000000010af3a                icmp_register
                0x000000000010afec                icmp_recv
                0x000000000010b141                icmp_mkpkt
                0x000000000010b21b                icmp_in
                0x000000000010b353                icmp_send
                0x000000000010b3cf                icmp_release
                0x000000000010b48b                icmp_cksum
                0x000000000010b4e9                icmp_hton
                0x000000000010b4fd                icmp_ntoh
 .text          0x000000000010b511      0x567 binaries/ip.o
                0x000000000010b511                ip_local
                0x000000000010b545                ipcksum
                0x000000000010b596                ip_ntoh
                0x000000000010b600                ip_in
                0x000000000010b6f5                ip_hton
                0x000000000010b75f                ip_out
                0x000000000010b813                ip_send
                0x000000000010b910                ipout
                0x000000000010b9ec                ip_enqueue
 .text          0x000000000010ba78      0x1d3 binaries/net.o
                0x000000000010ba78                net_init
                0x000000000010bbb3                eth_hton
                0x000000000010bbbd                eth_ntoh
                0x000000000010bbc7                netin
 .text          0x000000000010bc4b       0xd3 binaries/netstart.o
                0x000000000010bc4b                netstart
 .text          0x000000000010bd1e      0xb3f binaries/pdump.o
                0x000000000010bd1e                pdump
                0x000000000010c38b                pdumph
 .text          0x000000000010c85d      0x5db binaries/tftp.o
                0x000000000010c85d                tftp_send1
                0x000000000010c990                tftpget_mb
                0x000000000010cdfb                tftpget
 .text          0x000000000010ce38      0x7d8 binaries/udp.o
                0x000000000010ce38                udp_init
                0x000000000010ce75                udp_in
                0x000000000010cf2e                udp_register
                0x000000000010d01c                udp_recv
                0x000000000010d133                udp_recvaddr
                0x000000000010d261                udp_send
                0x000000000010d3dc                udp_sendto
                0x000000000010d52c                udp_release
                0x000000000010d5e8                udp_ntoh
                0x000000000010d5fc                udp_hton
 .text          0x000000000010d610      0x104 binaries/addargs.o
                0x000000000010d610                addargs
 .text          0x000000000010d714      0x1f8 binaries/lexan.o
                0x000000000010d714                lexan
 .text          0x000000000010d90c      0x63d binaries/shell.o
                0x000000000010d90c                shell
 .text          0x000000000010df49       0x5b binaries/xsh_argecho.o
                0x000000000010df49                xsh_argecho
 .text          0x000000000010dfa4      0x1d6 binaries/xsh_arp.o
                0x000000000010dfa4                xsh_arp
 .text          0x000000000010e17a      0x219 binaries/xsh_cat.o
                0x000000000010e17a                xsh_cat
 .text          0x000000000010e393       0x58 binaries/xsh_clear.o
                0x000000000010e393                xsh_clear
 .text          0x000000000010e3eb      0x2bf binaries/xsh_date.o
                0x000000000010e3eb                xsh_date
 .text          0x000000000010e6aa       0x8f binaries/xsh_devdump.o
                0x000000000010e6aa                xsh_devdump
 .text          0x000000000010e739       0x60 binaries/xsh_echo.o
                0x000000000010e739                xsh_echo
 .text          0x000000000010e799        0x6 binaries/xsh_exit.o
                0x000000000010e799                xsh_exit
 .text          0x000000000010e79f      0x329 binaries/xsh_help.o
                0x000000000010e79f                xsh_help
 .text          0x000000000010eac8      0x42d binaries/xsh_ipaddr.o
                0x000000000010eac8                xsh_ipaddr
 .text          0x000000000010eef5      0x1f9 binaries/xsh_kill.o
                0x000000000010eef5                xsh_kill
 .text          0x000000000010f0ee      0x3fb binaries/xsh_memdump.o
                0x000000000010f1a4                xsh_memdump
 .text          0x000000000010f4e9      0x1fc binaries/xsh_memstat.o
                0x000000000010f4e9                xsh_memstat
 .text          0x000000000010f6e5      0x320 binaries/xsh_ping.o
                0x000000000010f6e5                xsh_ping
 .text          0x000000000010fa05      0x1fe binaries/xsh_ps.o
                0x000000000010fa05                xsh_ps
 .text          0x000000000010fc03      0x1e8 binaries/xsh_sleep.o
                0x000000000010fc03                xsh_sleep
 .text          0x000000000010fdeb      0x22c binaries/xsh_udpdump.o
                0x000000000010fdeb                xsh_udpdump
 .text          0x0000000000110017      0x44e binaries/xsh_udpecho.o
                0x0000000000110017                xsh_udpecho
 .text          0x0000000000110465      0x287 binaries/xsh_udpeserver.o
                0x0000000000110465                xsh_udpeserver
 .text          0x00000000001106ec      0x1c6 binaries/xsh_uptime.o
                0x00000000001106ec                xsh_uptime
 .text          0x00000000001108b2        0xe binaries/clkdisp.o
                0x00000000001108b2                clkdisp
 .text          0x00000000001108c0       0x19 binaries/ctxsw.o
                0x00000000001108c0                ctxsw
 .text          0x00000000001108d9      0x36b binaries/intr.o
                0x00000000001108d9                disable
                0x00000000001108e2                restore
                0x00000000001108f0                enable
                0x00000000001108f2                pause
                0x00000000001108f9                halt
                0x00000000001108ff                spurious_irq7
                0x0000000000110904                spurious_irq15
                0x0000000000110913                _Xint0
                0x000000000011091e                _Xint1
                0x0000000000110929                _Xint2
                0x0000000000110934                _Xint3
                0x000000000011093f                _Xint4
                0x000000000011094a                _Xint5
                0x0000000000110955                _Xint6
                0x0000000000110960                _Xint7
                0x000000000011096b                _Xint8
                0x0000000000110976                _Xint9
                0x0000000000110981                _Xint10
                0x000000000011098c                _Xint11
                0x000000000011099a                _Xint12
                0x00000000001109a8                _Xint13
                0x00000000001109b6                _Xint14
                0x00000000001109c4                _Xint15
                0x00000000001109d2                _Xint16
                0x00000000001109e0                _Xint17
                0x00000000001109ee                _Xint18
                0x00000000001109fc                _Xint19
                0x0000000000110a0a                _Xint20
                0x0000000000110a18                _Xint21
                0x0000000000110a26                _Xint22
                0x0000000000110a34                _Xint23
                0x0000000000110a42                _Xint24
                0x0000000000110a50                _Xint25
                0x0000000000110a5e                _Xint26
                0x0000000000110a6c                _Xint27
                0x0000000000110a7a                _Xint28
                0x0000000000110a88                _Xint29
                0x0000000000110a96                _Xint30
                0x0000000000110aa4                _Xint31
                0x0000000000110ab2                _Xint32
                0x0000000000110ac0                _Xint33
                0x0000000000110ace                _Xint34
                0x0000000000110adc                _Xint35
                0x0000000000110aea                _Xint36
                0x0000000000110af8                _Xint37
                0x0000000000110b06                _Xint38
                0x0000000000110b14                _Xint39
                0x0000000000110b22                _Xint40
                0x0000000000110b30                _Xint41
                0x0000000000110b3e                _Xint42
                0x0000000000110b4c                _Xint43
                0x0000000000110b5a                _Xint44
                0x0000000000110b68                _Xint45
                0x0000000000110b76                _Xint46
                0x0000000000110b84                defevec
 .text          0x0000000000110c44        0xf binaries/ttydispatch.o
                0x0000000000110c44                ttydispatch
 .text          0x0000000000110c53       0x13 binaries/ethdispatch.o
                0x0000000000110c53                ethdispatch
 *(.rodata .rodata.*)
 .rodata.str1.1
                0x0000000000110c66       0x54 binaries/ascdate.o
 *fill*         0x0000000000110cba        0x2 
 .rodata.str1.4
                0x0000000000110cbc       0x22 binaries/ascdate.o
 .rodata.str1.1
                0x0000000000110cde       0x5f binaries/conf.o
 *fill*         0x0000000000110d3d        0x3 
 .rodata.str1.4
                0x0000000000110d40       0x4f binaries/early_imr.o
 .rodata        0x0000000000110d8f       0x30 binaries/early_imr.o
 .rodata.str1.1
                0x0000000000110dbf      0x20c binaries/evec.o
 *fill*         0x0000000000110fcb        0x1 
 .rodata.str1.4
                0x0000000000110fcc       0x23 binaries/evec.o
 .rodata.str1.1
                0x0000000000110fef        0xb binaries/getutime.o
 *fill*         0x0000000000110ffa        0x2 
 .rodata.str1.4
                0x0000000000110ffc       0x54 binaries/getutime.o
 .rodata.str1.1
                0x0000000000111050       0x63 binaries/initialize.o
                                         0x67 (size before relaxing)
 *fill*         0x00000000001110b3        0x1 
 .rodata.str1.4
                0x00000000001110b4       0xd0 binaries/initialize.o
 .rodata        0x0000000000111184       0x20 binaries/kill.o
 .rodata.str1.1
                0x00000000001111a4       0x47 binaries/main.o
 *fill*         0x00000000001111eb        0x1 
 .rodata.str1.4
                0x00000000001111ec       0x23 binaries/meminit.o
 .rodata.str1.1
                0x000000000011120f       0x1b binaries/meminit.o
 .rodata.str1.1
                0x000000000011122a        0xf binaries/panic.o
 .rodata.str1.1
                0x0000000000111239       0x1c binaries/ptinit.o
 *fill*         0x0000000000111255        0x3 
 .rodata.str1.4
                0x0000000000111258       0x25 binaries/ptsend.o
 .rodata.str1.1
                0x000000000011127d       0x22 binaries/quark_pdat.o
 *fill*         0x000000000011129f        0x1 
 .rodata.str1.4
                0x00000000001112a0       0x63 binaries/stacktrace.o
 .rodata.str1.1
                0x0000000000111303       0x52 binaries/stacktrace.o
 *fill*         0x0000000000111355        0x3 
 .rodata.str1.4
                0x0000000000111358       0x27 binaries/xdone.o
 *fill*         0x000000000011137f        0x1 
 .rodata        0x0000000000111380       0x81 binaries/ctype_.o
                0x0000000000111380                _ctype_
 .rodata.str1.1
                0x0000000000111401       0x29 binaries/doprnt.o
 *fill*         0x000000000011142a        0x2 
 .rodata        0x000000000011142c       0xc4 binaries/doprnt.o
 .rodata        0x00000000001114f0       0x98 binaries/doscan.o
 .rodata.str1.1
                0x0000000000000000       0x29 binaries/fdoprnt.o
 .rodata        0x0000000000111588       0x84 binaries/fdoprnt.o
 .rodata        0x000000000011160c       0x20 binaries/ttycontrol.o
 .rodata.str1.4
                0x000000000011162c       0x4c binaries/naminit.o
 .rodata.str1.1
                0x0000000000111678       0x32 binaries/naminit.o
                                         0x35 (size before relaxing)
 .rodata.str1.1
                0x00000000001116aa       0x15 binaries/ethinit.o
 *fill*         0x00000000001116bf        0x1 
 .rodata.str1.4
                0x00000000001116c0       0x2e binaries/ethinit.o
 *fill*         0x00000000001116ee        0x2 
 .rodata.str1.4
                0x00000000001116f0       0x2c binaries/rdsbufalloc.o
 .rodata.str1.4
                0x000000000011171c       0x76 binaries/rdscomm.o
 *fill*         0x0000000000111792        0x2 
 .rodata.str1.4
                0x0000000000111794       0x48 binaries/rdscontrol.o
 .rodata.str1.4
                0x00000000001117dc       0x7e binaries/rdsinit.o
 .rodata.str1.1
                0x000000000011185a       0x18 binaries/rdsinit.o
 *fill*         0x0000000000111872        0x2 
 .rodata.str1.4
                0x0000000000111874       0x22 binaries/rdsopen.o
 *fill*         0x0000000000111896        0x2 
 .rodata.str1.4
                0x0000000000111898       0x4d binaries/rdsprocess.o
 .rodata.str1.1
                0x00000000001118e5        0x9 binaries/raminit.o
 .rodata.str1.1
                0x00000000001118ee       0x13 binaries/lfdballoc.o
 *fill*         0x0000000000111901        0x3 
 .rodata.str1.4
                0x0000000000111904       0x23 binaries/lfdballoc.o
 .rodata.str1.1
                0x0000000000111927       0x14 binaries/lfiballoc.o
 *fill*         0x000000000011193b        0x1 
 .rodata.str1.4
                0x000000000011193c       0x23 binaries/lflcontrol.o
 .rodata.str1.1
                0x000000000011195f       0x64 binaries/lfsckfmt.o
 *fill*         0x00000000001119c3        0x1 
 .rodata.str1.4
                0x00000000001119c4       0x51 binaries/lfsckfmt.o
 *fill*         0x0000000000111a15        0x3 
 .rodata.str1.4
                0x0000000000111a18       0x21 binaries/rflread.o
 .rodata.str1.4
                0x0000000000000000       0x21 binaries/rflwrite.o
 *fill*         0x0000000000111a39        0x3 
 .rodata.str1.4
                0x0000000000111a3c       0x75 binaries/rfscomm.o
 *fill*         0x0000000000111ab1        0x3 
 .rodata.str1.4
                0x0000000000111ab4       0x23 binaries/rfscontrol.o
 *fill*         0x0000000000111ad7        0x1 
 .rodata        0x0000000000111ad8       0x18 binaries/rfscontrol.o
 .rodata.str1.1
                0x0000000000000000       0x10 binaries/rfsinit.o
 .rodata.str1.4
                0x0000000000111af0       0x57 binaries/rfsinit.o
 *fill*         0x0000000000111b47        0x1 
 .rodata.str1.4
                0x0000000000111b48       0x2a binaries/rfsndmsg.o
 .rodata.str1.4
                0x0000000000000000       0x22 binaries/rfsopen.o
 .rodata.str1.1
                0x0000000000111b72       0x19 binaries/arp.o
 *fill*         0x0000000000111b8b        0x1 
 .rodata.str1.4
                0x0000000000111b8c       0x21 binaries/arp.o
 *fill*         0x0000000000111bad        0x3 
 .rodata.str1.4
                0x0000000000111bb0       0xa6 binaries/dhcp.o
 .rodata.str1.1
                0x0000000000111c56       0x4a binaries/dhcp.o
 .rodata.str1.1
                0x0000000000111ca0       0x5a binaries/hexdump.o
                                         0x61 (size before relaxing)
 *fill*         0x0000000000111cfa        0x2 
 .rodata.str1.4
                0x0000000000111cfc       0x67 binaries/hexdump.o
 *fill*         0x0000000000111d63        0x1 
 .rodata.str1.4
                0x0000000000111d64       0x29 binaries/icmp.o
 .rodata.str1.1
                0x0000000000111d8d       0x4e binaries/ip.o
 *fill*         0x0000000000111ddb        0x1 
 .rodata.str1.4
                0x0000000000111ddc       0x20 binaries/ip.o
 .rodata.str1.4
                0x0000000000111dfc       0x28 binaries/net.o
 .rodata.str1.1
                0x0000000000111e24       0x27 binaries/net.o
 *fill*         0x0000000000111e4b        0x1 
 .rodata.str1.4
                0x0000000000111e4c       0xcf binaries/netstart.o
 .rodata.str1.1
                0x0000000000111f1b      0x141 binaries/pdump.o
                                        0x14b (size before relaxing)
 .rodata.str1.4
                0x000000000011205c      0x126 binaries/pdump.o
 *fill*         0x0000000000112182        0x2 
 .rodata.str1.4
                0x0000000000112184      0x148 binaries/tftp.o
 .rodata.str1.1
                0x00000000001122cc        0x6 binaries/tftp.o
                                          0xa (size before relaxing)
 .rodata.str1.1
                0x00000000001122d2       0xe3 binaries/shell.o
                                         0xff (size before relaxing)
 *fill*         0x00000000001123b5        0x3 
 .rodata.str1.4
                0x00000000001123b8      0x1c4 binaries/shell.o
 *fill*         0x000000000011257c        0x4 
 .rodata        0x0000000000112580       0xfc binaries/shell.o
                0x0000000000112580                cmdtab
 .rodata.str1.1
                0x000000000011267c       0x26 binaries/xsh_argecho.o
                                         0x28 (size before relaxing)
 .rodata.str1.1
                0x00000000001126a2       0x70 binaries/xsh_arp.o
                                         0x72 (size before relaxing)
 *fill*         0x0000000000112712        0x2 
 .rodata.str1.4
                0x0000000000112714       0xb4 binaries/xsh_arp.o
 .rodata.str1.1
                0x00000000001127c8       0x2d binaries/xsh_cat.o
                                         0x4f (size before relaxing)
 *fill*         0x00000000001127f5        0x3 
 .rodata.str1.4
                0x00000000001127f8       0x52 binaries/xsh_cat.o
                                         0x79 (size before relaxing)
 .rodata.str1.1
                0x000000000011284a       0x15 binaries/xsh_clear.o
 .rodata.str1.1
                0x000000000011285f       0x46 binaries/xsh_date.o
                                         0x5f (size before relaxing)
 *fill*         0x00000000001128a5        0x3 
 .rodata.str1.4
                0x00000000001128a8      0x163 binaries/xsh_date.o
 .rodata.str1.1
                0x0000000000112a0b       0x5d binaries/xsh_devdump.o
 .rodata.str1.1
                0x0000000000000000       0x5d binaries/xsh_echo.o
                                          0x9 (size before relaxing)
 .rodata.str1.1
                0x0000000000112a68       0x65 binaries/xsh_help.o
                                         0xa3 (size before relaxing)
 *fill*         0x0000000000112acd        0x3 
 .rodata.str1.4
                0x0000000000112ad0       0x7c binaries/xsh_help.o
                                         0xc6 (size before relaxing)
 .rodata.str1.1
                0x0000000000112b4c       0x9c binaries/xsh_ipaddr.o
                                         0xf8 (size before relaxing)
 .rodata.str1.4
                0x0000000000112be8       0x4d binaries/xsh_ipaddr.o
                                         0x99 (size before relaxing)
 .rodata.str1.1
                0x0000000000112c35       0x78 binaries/xsh_kill.o
                                         0x97 (size before relaxing)
 *fill*         0x0000000000112cad        0x3 
 .rodata.str1.4
                0x0000000000112cb0       0x4a binaries/xsh_kill.o
                                         0x96 (size before relaxing)
 .rodata.str1.1
                0x0000000000112cfa       0x84 binaries/xsh_memdump.o
                                         0xa8 (size before relaxing)
 *fill*         0x0000000000112d7e        0x2 
 .rodata.str1.4
                0x0000000000112d80      0x15a binaries/xsh_memdump.o
                                        0x1aa (size before relaxing)
 .rodata.str1.1
                0x0000000000112eda       0x40 binaries/xsh_memstat.o
                                         0x79 (size before relaxing)
 *fill*         0x0000000000112f1a        0x2 
 .rodata.str1.4
                0x0000000000112f1c      0x187 binaries/xsh_memstat.o
                                        0x1af (size before relaxing)
 .rodata.str1.1
                0x00000000001130a3       0x90 binaries/xsh_ping.o
                                         0xaf (size before relaxing)
 *fill*         0x0000000000113133        0x1 
 .rodata.str1.4
                0x0000000000113134       0x77 binaries/xsh_ping.o
                                         0xc6 (size before relaxing)
 .rodata.str1.1
                0x00000000001131ab       0x74 binaries/xsh_ps.o
                                         0xd5 (size before relaxing)
 *fill*         0x000000000011321f        0x1 
 .rodata.str1.4
                0x0000000000113220       0x80 binaries/xsh_ps.o
                                         0xd0 (size before relaxing)
 .rodata        0x00000000001132a0       0x20 binaries/xsh_ps.o
 .rodata.str1.1
                0x00000000001132c0       0x31 binaries/xsh_sleep.o
                                         0x72 (size before relaxing)
 *fill*         0x00000000001132f1        0x3 
 .rodata.str1.4
                0x00000000001132f4       0x2a binaries/xsh_sleep.o
                                         0x7a (size before relaxing)
 .rodata.str1.1
                0x000000000011331e       0x6b binaries/xsh_udpdump.o
                                         0xd2 (size before relaxing)
 *fill*         0x0000000000113389        0x3 
 .rodata.str1.4
                0x000000000011338c       0x94 binaries/xsh_udpdump.o
                                         0xe4 (size before relaxing)
 .rodata.str1.1
                0x0000000000113420       0xdb binaries/xsh_udpecho.o
                                         0xfa (size before relaxing)
 *fill*         0x00000000001134fb        0x1 
 .rodata.str1.4
                0x00000000001134fc       0xc7 binaries/xsh_udpecho.o
                                        0x116 (size before relaxing)
 .rodata.str1.1
                0x00000000001135c3       0x66 binaries/xsh_udpeserver.o
                                         0x8f (size before relaxing)
 *fill*         0x0000000000113629        0x3 
 .rodata.str1.4
                0x000000000011362c       0x29 binaries/xsh_udpeserver.o
                                         0x9f (size before relaxing)
 .rodata.str1.1
                0x0000000000113655       0x49 binaries/xsh_uptime.o
                                         0x8c (size before relaxing)
 *fill*         0x000000000011369e        0x2 
 .rodata.str1.4
                0x00000000001136a0       0x28 binaries/xsh_uptime.o
                                         0x76 (size before relaxing)
                0x00000000001136c8                etext = ABSOLUTE (.)
                0x0000000000114000                . = ALIGN (0x1000)
 *fill*         0x00000000001136c8      0x938 

.eh_frame       0x0000000000114000     0x31f0
 .eh_frame      0x0000000000114000       0x58 binaries/ascdate.o
 .eh_frame      0x0000000000114058       0x14 binaries/bufinit.o
                                         0x2c (size before relaxing)
 .eh_frame      0x000000000011406c       0x34 binaries/chprio.o
                                         0x4c (size before relaxing)
 .eh_frame      0x00000000001140a0       0x18 binaries/clkhandler.o
                                         0x30 (size before relaxing)
 .eh_frame      0x00000000001140b8       0x18 binaries/clkinit.o
                                         0x30 (size before relaxing)
 .eh_frame      0x00000000001140d0       0x2c binaries/close.o
                                         0x44 (size before relaxing)
 .eh_frame      0x00000000001140fc       0x2c binaries/control.o
                                         0x44 (size before relaxing)
 .eh_frame      0x0000000000114128       0x40 binaries/create.o
                                         0x58 (size before relaxing)
 .eh_frame      0x0000000000114168       0x98 binaries/early_imr.o
                                         0xb0 (size before relaxing)
 .eh_frame      0x0000000000114200       0x94 binaries/evec.o
                                         0xac (size before relaxing)
 .eh_frame      0x0000000000114294       0x2c binaries/freebuf.o
                                         0x44 (size before relaxing)
 .eh_frame      0x00000000001142c0       0x3c binaries/freemem.o
                                         0x54 (size before relaxing)
 .eh_frame      0x00000000001142fc       0x3c binaries/getbuf.o
                                         0x54 (size before relaxing)
 .eh_frame      0x0000000000114338       0x2c binaries/getc.o
                                         0x44 (size before relaxing)
 .eh_frame      0x0000000000114364       0x3c binaries/getdev.o
                                         0x54 (size before relaxing)
 .eh_frame      0x00000000001143a0       0x4c binaries/getitem.o
                                         0x64 (size before relaxing)
 .eh_frame      0x00000000001143ec       0x2c binaries/getmem.o
                                         0x44 (size before relaxing)
 .eh_frame      0x0000000000114418       0x14 binaries/getpid.o
                                         0x2c (size before relaxing)
 .eh_frame      0x000000000011442c       0x24 binaries/getprio.o
                                         0x3c (size before relaxing)
 .eh_frame      0x0000000000114450       0x3c binaries/getstk.o
                                         0x54 (size before relaxing)
 .eh_frame      0x000000000011448c       0x18 binaries/gettime.o
                                         0x30 (size before relaxing)
 .eh_frame      0x00000000001144a4       0x24 binaries/getutime.o
                                         0x3c (size before relaxing)
 .eh_frame      0x00000000001144c8       0x2c binaries/init.o
                                         0x44 (size before relaxing)
 .eh_frame      0x00000000001144f4       0x48 binaries/initialize.o
                                         0x60 (size before relaxing)
 .eh_frame      0x000000000011453c       0x24 binaries/insert.o
                                         0x3c (size before relaxing)
 .eh_frame      0x0000000000114560       0x38 binaries/insertd.o
                                         0x50 (size before relaxing)
 .eh_frame      0x0000000000114598       0x14 binaries/ioerr.o
                                         0x2c (size before relaxing)
 .eh_frame      0x00000000001145ac       0x14 binaries/ionull.o
                                         0x2c (size before relaxing)
 .eh_frame      0x00000000001145c0       0x40 binaries/kill.o
                                         0x58 (size before relaxing)
 .eh_frame      0x0000000000114600       0x58 binaries/kprintf.o
                                         0x70 (size before relaxing)
 .eh_frame      0x0000000000114658       0x7c binaries/main.o
                                         0x94 (size before relaxing)
 .eh_frame      0x00000000001146d4       0x3c binaries/mark.o
                                         0x54 (size before relaxing)
 .eh_frame      0x0000000000114710       0x58 binaries/meminit.o
                                         0x70 (size before relaxing)
 .eh_frame      0x0000000000114768       0x40 binaries/mkbufpool.o
                                         0x58 (size before relaxing)
 .eh_frame      0x00000000001147a8       0x14 binaries/newqueue.o
                                         0x2c (size before relaxing)
 .eh_frame      0x00000000001147bc       0x2c binaries/open.o
                                         0x44 (size before relaxing)
 .eh_frame      0x00000000001147e8       0x14 binaries/panic.o
                                         0x2c (size before relaxing)
 .eh_frame      0x00000000001147fc       0xe0 binaries/pci.o
                                         0xf8 (size before relaxing)
 .eh_frame      0x00000000001148dc       0x18 binaries/platinit.o
                                         0x30 (size before relaxing)
 .eh_frame      0x00000000001148f4       0x3c binaries/ptclear.o
                                         0x54 (size before relaxing)
 .eh_frame      0x0000000000114930       0x34 binaries/ptcount.o
                                         0x4c (size before relaxing)
 .eh_frame      0x0000000000114964       0x3c binaries/ptcreate.o
                                         0x54 (size before relaxing)
 .eh_frame      0x00000000001149a0       0x2c binaries/ptdelete.o
                                         0x44 (size before relaxing)
 .eh_frame      0x00000000001149cc       0x2c binaries/ptinit.o
                                         0x44 (size before relaxing)
 .eh_frame      0x00000000001149f8       0x3c binaries/ptrecv.o
                                         0x54 (size before relaxing)
 .eh_frame      0x0000000000114a34       0x2c binaries/ptreset.o
                                         0x44 (size before relaxing)
 .eh_frame      0x0000000000114a60       0x34 binaries/ptsend.o
                                         0x4c (size before relaxing)
 .eh_frame      0x0000000000114a94       0x34 binaries/putc.o
                                         0x4c (size before relaxing)
 .eh_frame      0x0000000000114ac8       0x24 binaries/quark_irq.o
                                         0x3c (size before relaxing)
 .eh_frame      0x0000000000114aec       0x60 binaries/quark_pdat.o
                                         0x78 (size before relaxing)
 .eh_frame      0x0000000000114b4c       0x34 binaries/queue.o
                                         0x4c (size before relaxing)
 .eh_frame      0x0000000000114b80       0x2c binaries/read.o
                                         0x44 (size before relaxing)
 .eh_frame      0x0000000000114bac       0x18 binaries/ready.o
                                         0x30 (size before relaxing)
 .eh_frame      0x0000000000114bc4       0x34 binaries/receive.o
                                         0x4c (size before relaxing)
 .eh_frame      0x0000000000114bf8       0x20 binaries/recvclr.o
                                         0x38 (size before relaxing)
 .eh_frame      0x0000000000114c18       0x3c binaries/recvtime.o
                                         0x54 (size before relaxing)
 .eh_frame      0x0000000000114c54       0x14 binaries/registercb.o
                                         0x2c (size before relaxing)
 .eh_frame      0x0000000000114c68       0x1c binaries/registercbsig.o
                                         0x34 (size before relaxing)
 .eh_frame      0x0000000000114c84       0x44 binaries/resched.o
                                         0x5c (size before relaxing)
 .eh_frame      0x0000000000114cc8       0x34 binaries/resume.o
                                         0x4c (size before relaxing)
 .eh_frame      0x0000000000114cfc       0x2c binaries/seek.o
                                         0x44 (size before relaxing)
 .eh_frame      0x0000000000114d28       0x24 binaries/semcount.o
                                         0x3c (size before relaxing)
 .eh_frame      0x0000000000114d4c       0x3c binaries/semcreate.o
                                         0x54 (size before relaxing)
 .eh_frame      0x0000000000114d88       0x2c binaries/semdelete.o
                                         0x44 (size before relaxing)
 .eh_frame      0x0000000000114db4       0x3c binaries/semreset.o
                                         0x54 (size before relaxing)
 .eh_frame      0x0000000000114df0       0x2c binaries/send.o
                                         0x44 (size before relaxing)
 .eh_frame      0x0000000000114e1c       0x2c binaries/signal.o
                                         0x44 (size before relaxing)
 .eh_frame      0x0000000000114e48       0x34 binaries/signaln.o
                                         0x4c (size before relaxing)
 .eh_frame      0x0000000000114e7c       0x44 binaries/sleep.o
                                         0x5c (size before relaxing)
 .eh_frame      0x0000000000114ec0       0x40 binaries/stacktrace.o
                                         0x58 (size before relaxing)
 .eh_frame      0x0000000000114f00       0x3c binaries/suspend.o
                                         0x54 (size before relaxing)
 .eh_frame      0x0000000000114f3c       0x2c binaries/unsleep.o
                                         0x44 (size before relaxing)
 .eh_frame      0x0000000000114f68       0x18 binaries/userret.o
                                         0x30 (size before relaxing)
 .eh_frame      0x0000000000114f80       0x34 binaries/wait.o
                                         0x4c (size before relaxing)
 .eh_frame      0x0000000000114fb4       0x18 binaries/wakeup.o
                                         0x30 (size before relaxing)
 .eh_frame      0x0000000000114fcc       0x2c binaries/write.o
                                         0x44 (size before relaxing)
 .eh_frame      0x0000000000114ff8       0x18 binaries/xdone.o
                                         0x30 (size before relaxing)
 .eh_frame      0x0000000000115010       0x20 binaries/yield.o
                                         0x38 (size before relaxing)
 .eh_frame      0x0000000000115030       0x14 binaries/abs.o
                                         0x2c (size before relaxing)
 .eh_frame      0x0000000000115044       0x24 binaries/atoi.o
                                         0x3c (size before relaxing)
 .eh_frame      0x0000000000115068       0x24 binaries/atol.o
                                         0x3c (size before relaxing)
 .eh_frame      0x000000000011508c       0x14 binaries/bzero.o
                                         0x2c (size before relaxing)
 .eh_frame      0x00000000001150a0       0xd4 binaries/doprnt.o
                                         0xec (size before relaxing)
 .eh_frame      0x0000000000115174       0x40 binaries/doscan.o
                                         0x58 (size before relaxing)
 .eh_frame      0x00000000001151b4       0x7c binaries/fdoprnt.o
                                         0x94 (size before relaxing)
 .eh_frame      0x0000000000115230       0x18 binaries/fgetc.o
                                         0x30 (size before relaxing)
 .eh_frame      0x0000000000115248       0x3c binaries/fgets.o
                                         0x54 (size before relaxing)
 .eh_frame      0x0000000000115284       0x18 binaries/fprintf.o
                                         0x30 (size before relaxing)
 .eh_frame      0x000000000011529c       0x18 binaries/fputc.o
                                         0x30 (size before relaxing)
 .eh_frame      0x00000000001152b4       0x2c binaries/fputs.o
                                         0x44 (size before relaxing)
 .eh_frame      0x00000000001152e0       0x4c binaries/fscanf.o
                                         0x64 (size before relaxing)
 .eh_frame      0x000000000011532c       0x18 binaries/getchar.o
                                         0x30 (size before relaxing)
 .eh_frame      0x0000000000115344       0x14 binaries/labs.o
                                         0x2c (size before relaxing)
 .eh_frame      0x0000000000115358       0x14 binaries/memchr.o
                                         0x2c (size before relaxing)
 .eh_frame      0x000000000011536c       0x24 binaries/memcmp.o
                                         0x3c (size before relaxing)
 .eh_frame      0x0000000000115390       0x24 binaries/memcpy.o
                                         0x3c (size before relaxing)
 .eh_frame      0x00000000001153b4       0x1c binaries/memset.o
                                         0x34 (size before relaxing)
 .eh_frame      0x00000000001153d0       0x18 binaries/printf.o
                                         0x30 (size before relaxing)
 .eh_frame      0x00000000001153e8       0x18 binaries/putchar.o
                                         0x30 (size before relaxing)
 .eh_frame      0x0000000000115400       0xa8 binaries/qsort.o
                                         0xc0 (size before relaxing)
 .eh_frame      0x00000000001154a8       0x28 binaries/rand.o
                                         0x40 (size before relaxing)
 .eh_frame      0x00000000001154d0       0x3c binaries/sprintf.o
                                         0x54 (size before relaxing)
 .eh_frame      0x000000000011550c       0x40 binaries/sscanf.o
                                         0x58 (size before relaxing)
 .eh_frame      0x000000000011554c       0x1c binaries/strchr.o
                                         0x34 (size before relaxing)
 .eh_frame      0x0000000000115568       0x1c binaries/strcmp.o
                                         0x34 (size before relaxing)
 .eh_frame      0x0000000000115584       0x14 binaries/strcpy.o
                                         0x2c (size before relaxing)
 .eh_frame      0x0000000000115598       0x14 binaries/strlen.o
                                         0x2c (size before relaxing)
 .eh_frame      0x00000000001155ac       0x2c binaries/strncat.o
                                         0x44 (size before relaxing)
 .eh_frame      0x00000000001155d8       0x1c binaries/strncmp.o
                                         0x34 (size before relaxing)
 .eh_frame      0x00000000001155f4       0x30 binaries/strncpy.o
                                         0x48 (size before relaxing)
 .eh_frame      0x0000000000115624       0x14 binaries/strnlen.o
                                         0x2c (size before relaxing)
 .eh_frame      0x0000000000115638       0x1c binaries/strrchr.o
                                         0x34 (size before relaxing)
 .eh_frame      0x0000000000115654       0x38 binaries/strstr.o
                                         0x50 (size before relaxing)
 .eh_frame      0x000000000011568c       0x2c binaries/ttycontrol.o
                                         0x44 (size before relaxing)
 .eh_frame      0x00000000001156b8       0x2c binaries/ttygetc.o
                                         0x44 (size before relaxing)
 .eh_frame      0x00000000001156e4       0x9c binaries/ttyhandle_in.o
                                         0xb4 (size before relaxing)
 .eh_frame      0x0000000000115780       0x40 binaries/ttyhandle_out.o
                                         0x58 (size before relaxing)
 .eh_frame      0x00000000001157c0       0x2c binaries/ttyhandler.o
                                         0x44 (size before relaxing)
 .eh_frame      0x00000000001157ec       0x2c binaries/ttyinit.o
                                         0x44 (size before relaxing)
 .eh_frame      0x0000000000115818       0x14 binaries/ttykickout.o
                                         0x2c (size before relaxing)
 .eh_frame      0x000000000011582c       0x34 binaries/ttyputc.o
                                         0x4c (size before relaxing)
 .eh_frame      0x0000000000115860       0x3c binaries/ttyread.o
                                         0x54 (size before relaxing)
 .eh_frame      0x000000000011589c       0x34 binaries/ttywrite.o
                                         0x4c (size before relaxing)
 .eh_frame      0x00000000001158d0       0x50 binaries/mount.o
                                         0x68 (size before relaxing)
 .eh_frame      0x0000000000115920       0x40 binaries/naminit.o
                                         0x58 (size before relaxing)
 .eh_frame      0x0000000000115960       0xa4 binaries/nammap.o
                                         0xbc (size before relaxing)
 .eh_frame      0x0000000000115a04       0x1c binaries/namopen.o
                                         0x34 (size before relaxing)
 .eh_frame      0x0000000000115a20       0x3c binaries/colon2mac.o
                                         0x54 (size before relaxing)
 .eh_frame      0x0000000000115a5c       0x18 binaries/ethcontrol.o
                                         0x30 (size before relaxing)
 .eh_frame      0x0000000000115a74       0x3c binaries/ethhandler.o
                                         0x54 (size before relaxing)
 .eh_frame      0x0000000000115ab0       0x94 binaries/ethinit.o
                                         0xac (size before relaxing)
 .eh_frame      0x0000000000115b44       0x68 binaries/ethmcast.o
                                         0x80 (size before relaxing)
 .eh_frame      0x0000000000115bac       0x40 binaries/ethread.o
                                         0x58 (size before relaxing)
 .eh_frame      0x0000000000115bec       0x3c binaries/ethwrite.o
                                         0x54 (size before relaxing)
 .eh_frame      0x0000000000115c28       0x24 binaries/rdsbufalloc.o
                                         0x3c (size before relaxing)
 .eh_frame      0x0000000000115c4c       0x30 binaries/rdsclose.o
                                         0x48 (size before relaxing)
 .eh_frame      0x0000000000115c7c       0x40 binaries/rdscomm.o
                                         0x58 (size before relaxing)
 .eh_frame      0x0000000000115cbc       0x2c binaries/rdscontrol.o
                                         0x44 (size before relaxing)
 .eh_frame      0x0000000000115ce8       0x40 binaries/rdsinit.o
                                         0x58 (size before relaxing)
 .eh_frame      0x0000000000115d28       0x40 binaries/rdsopen.o
                                         0x58 (size before relaxing)
 .eh_frame      0x0000000000115d68       0x2c binaries/rdsprocess.o
                                         0x44 (size before relaxing)
 .eh_frame      0x0000000000115d94       0x40 binaries/rdsread.o
                                         0x58 (size before relaxing)
 .eh_frame      0x0000000000115dd4       0x34 binaries/rdswrite.o
                                         0x4c (size before relaxing)
 .eh_frame      0x0000000000115e08       0x14 binaries/ramclose.o
                                         0x2c (size before relaxing)
 .eh_frame      0x0000000000115e1c       0x18 binaries/raminit.o
                                         0x30 (size before relaxing)
 .eh_frame      0x0000000000115e34       0x14 binaries/ramopen.o
                                         0x2c (size before relaxing)
 .eh_frame      0x0000000000115e48       0x18 binaries/ramread.o
                                         0x30 (size before relaxing)
 .eh_frame      0x0000000000115e60       0x18 binaries/ramwrite.o
                                         0x30 (size before relaxing)
 .eh_frame      0x0000000000115e78       0x2c binaries/lfdballoc.o
                                         0x44 (size before relaxing)
 .eh_frame      0x0000000000115ea4       0x24 binaries/lfdbfree.o
                                         0x3c (size before relaxing)
 .eh_frame      0x0000000000115ec8       0x24 binaries/lfflush.o
                                         0x3c (size before relaxing)
 .eh_frame      0x0000000000115eec       0x14 binaries/lfgetmode.o
                                         0x2c (size before relaxing)
 .eh_frame      0x0000000000115f00       0x24 binaries/lfiballoc.o
                                         0x3c (size before relaxing)
 .eh_frame      0x0000000000115f24       0x14 binaries/lfibclear.o
                                         0x2c (size before relaxing)
 .eh_frame      0x0000000000115f38       0x40 binaries/lfibget.o
                                         0x58 (size before relaxing)
 .eh_frame      0x0000000000115f78       0x40 binaries/lfibput.o
                                         0x58 (size before relaxing)
 .eh_frame      0x0000000000115fb8       0x2c binaries/lflclose.o
                                         0x44 (size before relaxing)
 .eh_frame      0x0000000000115fe4       0x2c binaries/lflcontrol.o
                                         0x44 (size before relaxing)
 .eh_frame      0x0000000000116010       0x2c binaries/lflgetc.o
                                         0x44 (size before relaxing)
 .eh_frame      0x000000000011603c       0x24 binaries/lflinit.o
                                         0x3c (size before relaxing)
 .eh_frame      0x0000000000116060       0x34 binaries/lflputc.o
                                         0x4c (size before relaxing)
 .eh_frame      0x0000000000116094       0x3c binaries/lflread.o
                                         0x54 (size before relaxing)
 .eh_frame      0x00000000001160d0       0x34 binaries/lflseek.o
                                         0x4c (size before relaxing)
 .eh_frame      0x0000000000116104       0x3c binaries/lflwrite.o
                                         0x54 (size before relaxing)
 .eh_frame      0x0000000000116140       0x40 binaries/lfsckfmt.o
                                         0x58 (size before relaxing)
 .eh_frame      0x0000000000116180       0x40 binaries/lfscreate.o
                                         0x58 (size before relaxing)
 .eh_frame      0x00000000001161c0       0x40 binaries/lfsetup.o
                                         0x58 (size before relaxing)
 .eh_frame      0x0000000000116200       0x18 binaries/lfsinit.o
                                         0x30 (size before relaxing)
 .eh_frame      0x0000000000116218       0x40 binaries/lfsopen.o
                                         0x58 (size before relaxing)
 .eh_frame      0x0000000000116258       0x40 binaries/lftruncate.o
                                         0x58 (size before relaxing)
 .eh_frame      0x0000000000116298       0x18 binaries/rflclose.o
                                         0x30 (size before relaxing)
 .eh_frame      0x00000000001162b0       0x18 binaries/rflgetc.o
                                         0x30 (size before relaxing)
 .eh_frame      0x00000000001162c8       0x14 binaries/rflinit.o
                                         0x2c (size before relaxing)
 .eh_frame      0x00000000001162dc       0x18 binaries/rflputc.o
                                         0x30 (size before relaxing)
 .eh_frame      0x00000000001162f4       0x40 binaries/rflread.o
                                         0x58 (size before relaxing)
 .eh_frame      0x0000000000116334       0x18 binaries/rflseek.o
                                         0x30 (size before relaxing)
 .eh_frame      0x000000000011634c       0x40 binaries/rflwrite.o
                                         0x58 (size before relaxing)
 .eh_frame      0x000000000011638c       0x40 binaries/rfscomm.o
                                         0x58 (size before relaxing)
 .eh_frame      0x00000000001163cc       0x2c binaries/rfscontrol.o
                                         0x44 (size before relaxing)
 .eh_frame      0x00000000001163f8       0x14 binaries/rfsgetmode.o
                                         0x2c (size before relaxing)
 .eh_frame      0x000000000011640c       0x18 binaries/rfsinit.o
                                         0x30 (size before relaxing)
 .eh_frame      0x0000000000116424       0x1c binaries/rfsndmsg.o
                                         0x34 (size before relaxing)
 .eh_frame      0x0000000000116440       0x2c binaries/rfsopen.o
                                         0x44 (size before relaxing)
 .eh_frame      0x000000000011646c       0xf0 binaries/arp.o
                                        0x108 (size before relaxing)
 .eh_frame      0x000000000011655c       0xec binaries/dhcp.o
                                        0x104 (size before relaxing)
 .eh_frame      0x0000000000116648       0x38 binaries/dot2ip.o
                                         0x50 (size before relaxing)
 .eh_frame      0x0000000000116680       0x74 binaries/hexdump.o
                                         0x8c (size before relaxing)
 .eh_frame      0x00000000001166f4      0x1b8 binaries/icmp.o
                                        0x1d0 (size before relaxing)
 .eh_frame      0x00000000001168ac      0x130 binaries/ip.o
                                        0x148 (size before relaxing)
 .eh_frame      0x00000000001169dc       0x60 binaries/net.o
                                         0x78 (size before relaxing)
 .eh_frame      0x0000000000116a3c       0x24 binaries/netstart.o
                                         0x3c (size before relaxing)
 .eh_frame      0x0000000000116a60       0x48 binaries/pdump.o
                                         0x60 (size before relaxing)
 .eh_frame      0x0000000000116aa8       0x98 binaries/tftp.o
                                         0xb0 (size before relaxing)
 .eh_frame      0x0000000000116b40      0x1e8 binaries/udp.o
                                        0x200 (size before relaxing)
 .eh_frame      0x0000000000116d28       0x3c binaries/addargs.o
                                         0x54 (size before relaxing)
 .eh_frame      0x0000000000116d64       0x38 binaries/lexan.o
                                         0x50 (size before relaxing)
 .eh_frame      0x0000000000116d9c       0x40 binaries/shell.o
                                         0x58 (size before relaxing)
 .eh_frame      0x0000000000116ddc       0x34 binaries/xsh_argecho.o
                                         0x4c (size before relaxing)
 .eh_frame      0x0000000000116e10       0x40 binaries/xsh_arp.o
                                         0x58 (size before relaxing)
 .eh_frame      0x0000000000116e50       0x40 binaries/xsh_cat.o
                                         0x58 (size before relaxing)
 .eh_frame      0x0000000000116e90       0x18 binaries/xsh_clear.o
                                         0x30 (size before relaxing)
[...]
 .comment       0x0000000000000000       0x2b binaries/icmp.o
 .comment       0x0000000000000000       0x2b binaries/ip.o
 .comment       0x0000000000000000       0x2b binaries/net.o
 .comment       0x0000000000000000       0x2b binaries/netstart.o
 .comment       0x0000000000000000       0x2b binaries/pdump.o
 .comment       0x0000000000000000       0x2b binaries/tftp.o
 .comment       0x0000000000000000       0x2b binaries/udp.o
 .comment       0x0000000000000000       0x2b binaries/addargs.o
 .comment       0x0000000000000000       0x2b binaries/lexan.o
 .comment       0x0000000000000000       0x2b binaries/shell.o
 .comment       0x0000000000000000       0x2b binaries/xsh_argecho.o
 .comment       0x0000000000000000       0x2b binaries/xsh_arp.o
 .comment       0x0000000000000000       0x2b binaries/xsh_cat.o
 .comment       0x0000000000000000       0x2b binaries/xsh_clear.o
 .comment       0x0000000000000000       0x2b binaries/xsh_date.o
 .comment       0x0000000000000000       0x2b binaries/xsh_devdump.o
 .comment       0x0000000000000000       0x2b binaries/xsh_echo.o
 .comment       0x0000000000000000       0x2b binaries/xsh_exit.o
 .comment       0x0000000000000000       0x2b binaries/xsh_help.o
 .comment       0x0000000000000000       0x2b binaries/xsh_ipaddr.o
 .comment       0x0000000000000000       0x2b binaries/xsh_kill.o
 .comment       0x0000000000000000       0x2b binaries/xsh_memdump.o
 .comment       0x0000000000000000       0x2b binaries/xsh_memstat.o
 .comment       0x0000000000000000       0x2b binaries/xsh_ping.o
 .comment       0x0000000000000000       0x2b binaries/xsh_ps.o
 .comment       0x0000000000000000       0x2b binaries/xsh_sleep.o
 .comment       0x0000000000000000       0x2b binaries/xsh_udpdump.o
 .comment       0x0000000000000000       0x2b binaries/xsh_udpecho.o
 .comment       0x0000000000000000       0x2b binaries/xsh_udpeserver.o
 .comment       0x0000000000000000       0x2b binaries/xsh_uptime.o

.note.GNU-stack
                0x0000000000000000        0x0
 .note.GNU-stack
                0x0000000000000000        0x0 binaries/ascdate.o
 .note.GNU-stack
                0x0000000000000000        0x0 binaries/bufinit.o
 .note.GNU-stack
                0x0000000000000000        0x0 binaries/chprio.o
 .note.GNU-stack
                0x0000000000000000        0x0 binaries/clkhandler.o
 .note.GNU-stack
                0x0000000000000000        0x0 binaries/clkinit.o
 .note.GNU-stack
                0x0000000000000000        0x0 binaries/close.o
 .note.GNU-stack
                0x0000000000000000        0x0 binaries/conf.o
 .note.GNU-stack
                0x0000000000000000        0x0 binaries/control.o
 .note.GNU-stack
                0x0000000000000000        0x0 binaries/create.o
 .note.GNU-stack
                0x0000000000000000        0x0 binaries/early_imr.o
 .note.GNU-stack
                0x0000000000000000        0x0 binaries/evec.o
 .note.GNU-stack
                0x0000000000000000        0x0 binaries/freebuf.o
 .note.GNU-stack
                0x0000000000000000        0x0 binaries/freemem.o
 .note.GNU-stack
                0x0000000000000000        0x0 binaries/getbuf.o
 .note.GNU-stack
                0x0000000000000000        0x0 binaries/getc.o
 .note.GNU-stack
                0x0000000000000000        0x0 binaries/getdev.o
 .note.GNU-stack
                0x0000000000000000        0x0 binaries/getitem.o
 .note.GNU-stack
                0x0000000000000000        0x0 binaries/getmem.o
 .note.GNU-stack
                0x0000000000000000        0x0 binaries/getpid.o
 .note.GNU-stack
                0x0000000000000000        0x0 binaries/getprio.o
 .note.GNU-stack
                0x0000000000000000        0x0 binaries/getstk.o
 .note.GNU-stack
                0x0000000000000000        0x0 binaries/gettime.o
 .note.GNU-stack
                0x0000000000000000        0x0 binaries/getutime.o
 .note.GNU-stack
                0x0000000000000000        0x0 binaries/init.o
 .note.GNU-stack
                0x0000000000000000        0x0 binaries/initialize.o
 .note.GNU-stack
                0x0000000000000000        0x0 binaries/insert.o
 .note.GNU-stack
                0x0000000000000000        0x0 binaries/insertd.o
 .note.GNU-stack
                0x0000000000000000        0x0 binaries/ioerr.o
 .note.GNU-stack
                0x0000000000000000        0x0 binaries/ionull.o
 .note.GNU-stack
                0x0000000000000000        0x0 binaries/kill.o
 .note.GNU-stack
                0x0000000000000000        0x0 binaries/kprintf.o
 .note.GNU-stack
                0x0000000000000000        0x0 binaries/main.o
 .note.GNU-stack
                0x0000000000000000        0x0 binaries/mark.o
 .note.GNU-stack
                0x0000000000000000        0x0 binaries/meminit.o
 .note.GNU-stack
                0x0000000000000000        0x0 binaries/mkbufpool.o
 .note.GNU-stack
                0x0000000000000000        0x0 binaries/newqueue.o
 .note.GNU-stack
                0x0000000000000000        0x0 binaries/open.o
 .note.GNU-stack
                0x0000000000000000        0x0 binaries/panic.o
 .note.GNU-stack
                0x0000000000000000        0x0 binaries/pci.o
 .note.GNU-stack
                0x0000000000000000        0x0 binaries/platinit.o
 .note.GNU-stack
                0x0000000000000000        0x0 binaries/ptclear.o
 .note.GNU-stack
                0x0000000000000000        0x0 binaries/ptcount.o
 .note.GNU-stack
                0x0000000000000000        0x0 binaries/ptcreate.o
 .note.GNU-stack
                0x0000000000000000        0x0 binaries/ptdelete.o
 .note.GNU-stack
                0x0000000000000000        0x0 binaries/ptinit.o
 .note.GNU-stack
                0x0000000000000000        0x0 binaries/ptrecv.o
 .note.GNU-stack
                0x0000000000000000        0x0 binaries/ptreset.o
 .note.GNU-stack
                0x0000000000000000        0x0 binaries/ptsend.o
 .note.GNU-stack
                0x0000000000000000        0x0 binaries/putc.o
 .note.GNU-stack
                0x0000000000000000        0x0 binaries/quark_irq.o
 .note.GNU-stack
                0x0000000000000000        0x0 binaries/quark_pdat.o
 .note.GNU-stack
                0x0000000000000000        0x0 binaries/queue.o
 .note.GNU-stack
                0x0000000000000000        0x0 binaries/read.o
 .note.GNU-stack
                0x0000000000000000        0x0 binaries/ready.o
 .note.GNU-stack
                0x0000000000000000        0x0 binaries/receive.o
 .note.GNU-stack
                0x0000000000000000        0x0 binaries/recvclr.o
 .note.GNU-stack
                0x0000000000000000        0x0 binaries/recvtime.o
 .note.GNU-stack
                0x0000000000000000        0x0 binaries/registercb.o
 .note.GNU-stack
                0x0000000000000000        0x0 binaries/registercbsig.o
 .note.GNU-stack
                0x0000000000000000        0x0 binaries/resched.o
 .note.GNU-stack
                0x0000000000000000        0x0 binaries/resume.o
 .note.GNU-stack
                0x0000000000000000        0x0 binaries/seek.o
 .note.GNU-stack
                0x0000000000000000        0x0 binaries/semcount.o
 .note.GNU-stack
                0x0000000000000000        0x0 binaries/semcreate.o
 .note.GNU-stack
                0x0000000000000000        0x0 binaries/semdelete.o
 .note.GNU-stack
                0x0000000000000000        0x0 binaries/semreset.o
 .note.GNU-stack
                0x0000000000000000        0x0 binaries/send.o
 .note.GNU-stack
                0x0000000000000000        0x0 binaries/signal.o
 .note.GNU-stack
                0x0000000000000000        0x0 binaries/signaln.o
 .note.GNU-stack
                0x0000000000000000        0x0 binaries/sleep.o
 .note.GNU-stack
                0x0000000000000000        0x0 binaries/stacktrace.o
 .note.GNU-stack
                0x0000000000000000        0x0 binaries/suspend.o
 .note.GNU-stack
                0x0000000000000000        0x0 binaries/unsleep.o
 .note.GNU-stack
                0x0000000000000000        0x0 binaries/userret.o
 .note.GNU-stack
                0x0000000000000000        0x0 binaries/wait.o
 .note.GNU-stack
                0x0000000000000000        0x0 binaries/wakeup.o
 .note.GNU-stack
                0x0000000000000000        0x0 binaries/write.o
 .note.GNU-stack
                0x0000000000000000        0x0 binaries/xdone.o
 .note.GNU-stack
                0x0000000000000000        0x0 binaries/yield.o
 .note.GNU-stack
                0x0000000000000000        0x0 binaries/abs.o
 .note.GNU-stack
                0x0000000000000000        0x0 binaries/atoi.o
 .note.GNU-stack
                0x0000000000000000        0x0 binaries/atol.o
 .note.GNU-stack
                0x0000000000000000        0x0 binaries/bzero.o
 .note.GNU-stack
                0x0000000000000000        0x0 binaries/ctype_.o
 .note.GNU-stack
                0x0000000000000000        0x0 binaries/doprnt.o
 .note.GNU-stack
                0x0000000000000000        0x0 binaries/doscan.o
 .note.GNU-stack
                0x0000000000000000        0x0 binaries/fdoprnt.o
 .note.GNU-stack
                0x0000000000000000        0x0 binaries/fgetc.o
 .note.GNU-stack
                0x0000000000000000        0x0 binaries/fgets.o
 .note.GNU-stack
                0x0000000000000000        0x0 binaries/fprintf.o
 .note.GNU-stack
                0x0000000000000000        0x0 binaries/fputc.o
 .note.GNU-stack
                0x0000000000000000        0x0 binaries/fputs.o
 .note.GNU-stack
                0x0000000000000000        0x0 binaries/fscanf.o
 .note.GNU-stack
                0x0000000000000000        0x0 binaries/getchar.o
 .note.GNU-stack
                0x0000000000000000        0x0 binaries/labs.o
 .note.GNU-stack
                0x0000000000000000        0x0 binaries/memchr.o
 .note.GNU-stack
                0x0000000000000000        0x0 binaries/memcmp.o
 .note.GNU-stack
                0x0000000000000000        0x0 binaries/memcpy.o
 .note.GNU-stack
                0x0000000000000000        0x0 binaries/memset.o
 .note.GNU-stack
                0x0000000000000000        0x0 binaries/printf.o
 .note.GNU-stack
                0x0000000000000000        0x0 binaries/putchar.o
 .note.GNU-stack
                0x0000000000000000        0x0 binaries/qsort.o
 .note.GNU-stack
                0x0000000000000000        0x0 binaries/rand.o
 .note.GNU-stack
                0x0000000000000000        0x0 binaries/sprintf.o
 .note.GNU-stack
                0x0000000000000000        0x0 binaries/sscanf.o
 .note.GNU-stack
                0x0000000000000000        0x0 binaries/strchr.o
 .note.GNU-stack
                0x0000000000000000        0x0 binaries/strcmp.o
 .note.GNU-stack
                0x0000000000000000        0x0 binaries/strcpy.o
 .note.GNU-stack
                0x0000000000000000        0x0 binaries/strlen.o
 .note.GNU-stack
                0x0000000000000000        0x0 binaries/strncat.o
 .note.GNU-stack
                0x0000000000000000        0x0 binaries/strncmp.o
 .note.GNU-stack
                0x0000000000000000        0x0 binaries/strncpy.o
 .note.GNU-stack
                0x0000000000000000        0x0 binaries/strnlen.o
 .note.GNU-stack
                0x0000000000000000        0x0 binaries/strrchr.o
 .note.GNU-stack
                0x0000000000000000        0x0 binaries/strstr.o
 .note.GNU-stack
                0x0000000000000000        0x0 binaries/ttycontrol.o
 .note.GNU-stack
                0x0000000000000000        0x0 binaries/ttygetc.o
 .note.GNU-stack
                0x0000000000000000        0x0 binaries/ttyhandle_in.o
 .note.GNU-stack
                0x0000000000000000        0x0 binaries/ttyhandle_out.o
 .note.GNU-stack
                0x0000000000000000        0x0 binaries/ttyhandler.o
 .note.GNU-stack
                0x0000000000000000        0x0 binaries/ttyinit.o
 .note.GNU-stack
                0x0000000000000000        0x0 binaries/ttykickout.o
 .note.GNU-stack
                0x0000000000000000        0x0 binaries/ttyputc.o
 .note.GNU-stack
                0x0000000000000000        0x0 binaries/ttyread.o
 .note.GNU-stack
                0x0000000000000000        0x0 binaries/ttywrite.o
 .note.GNU-stack
                0x0000000000000000        0x0 binaries/mount.o
 .note.GNU-stack
                0x0000000000000000        0x0 binaries/naminit.o
 .note.GNU-stack
                0x0000000000000000        0x0 binaries/nammap.o
 .note.GNU-stack
                0x0000000000000000        0x0 binaries/namopen.o
 .note.GNU-stack
                0x0000000000000000        0x0 binaries/colon2mac.o
 .note.GNU-stack
                0x0000000000000000        0x0 binaries/ethcontrol.o
 .note.GNU-stack
                0x0000000000000000        0x0 binaries/ethhandler.o
 .note.GNU-stack
                0x0000000000000000        0x0 binaries/ethinit.o
 .note.GNU-stack
                0x0000000000000000        0x0 binaries/ethmcast.o
 .note.GNU-stack
                0x0000000000000000        0x0 binaries/ethread.o
 .note.GNU-stack
                0x0000000000000000        0x0 binaries/ethwrite.o
 .note.GNU-stack
                0x0000000000000000        0x0 binaries/rdsbufalloc.o
 .note.GNU-stack
                0x0000000000000000        0x0 binaries/rdsclose.o
 .note.GNU-stack
                0x0000000000000000        0x0 binaries/rdscomm.o
 .note.GNU-stack
                0x0000000000000000        0x0 binaries/rdscontrol.o
 .note.GNU-stack
                0x0000000000000000        0x0 binaries/rdsinit.o
 .note.GNU-stack
                0x0000000000000000        0x0 binaries/rdsopen.o
 .note.GNU-stack
                0x0000000000000000        0x0 binaries/rdsprocess.o
 .note.GNU-stack
                0x0000000000000000        0x0 binaries/rdsread.o
 .note.GNU-stack
                0x0000000000000000        0x0 binaries/rdswrite.o
 .note.GNU-stack
                0x0000000000000000        0x0 binaries/ramclose.o
 .note.GNU-stack
                0x0000000000000000        0x0 binaries/raminit.o
 .note.GNU-stack
                0x0000000000000000        0x0 binaries/ramopen.o
 .note.GNU-stack
                0x0000000000000000        0x0 binaries/ramread.o
 .note.GNU-stack
                0x0000000000000000        0x0 binaries/ramwrite.o
 .note.GNU-stack
                0x0000000000000000        0x0 binaries/lfdballoc.o
 .note.GNU-stack
                0x0000000000000000        0x0 binaries/lfdbfree.o
 .note.GNU-stack
                0x0000000000000000        0x0 binaries/lfflush.o
 .note.GNU-stack
                0x0000000000000000        0x0 binaries/lfgetmode.o
 .note.GNU-stack
                0x0000000000000000        0x0 binaries/lfiballoc.o
 .note.GNU-stack
                0x0000000000000000        0x0 binaries/lfibclear.o
 .note.GNU-stack
                0x0000000000000000        0x0 binaries/lfibget.o
 .note.GNU-stack
                0x0000000000000000        0x0 binaries/lfibput.o
 .note.GNU-stack
                0x0000000000000000        0x0 binaries/lflclose.o
 .note.GNU-stack
                0x0000000000000000        0x0 binaries/lflcontrol.o
 .note.GNU-stack
                0x0000000000000000        0x0 binaries/lflgetc.o
 .note.GNU-stack
                0x0000000000000000        0x0 binaries/lflinit.o
 .note.GNU-stack
                0x0000000000000000        0x0 binaries/lflputc.o
 .note.GNU-stack
                0x0000000000000000        0x0 binaries/lflread.o
 .note.GNU-stack
                0x0000000000000000        0x0 binaries/lflseek.o
 .note.GNU-stack
                0x0000000000000000        0x0 binaries/lflwrite.o
 .note.GNU-stack
                0x0000000000000000        0x0 binaries/lfsckfmt.o
 .note.GNU-stack
                0x0000000000000000        0x0 binaries/lfscreate.o
 .note.GNU-stack
                0x0000000000000000        0x0 binaries/lfsetup.o
 .note.GNU-stack
                0x0000000000000000        0x0 binaries/lfsinit.o
 .note.GNU-stack
                0x0000000000000000        0x0 binaries/lfsopen.o
 .note.GNU-stack
                0x0000000000000000        0x0 binaries/lftruncate.o
 .note.GNU-stack
                0x0000000000000000        0x0 binaries/rflclose.o
 .note.GNU-stack
                0x0000000000000000        0x0 binaries/rflgetc.o
 .note.GNU-stack
                0x0000000000000000        0x0 binaries/rflinit.o
 .note.GNU-stack
                0x0000000000000000        0x0 binaries/rflputc.o
 .note.GNU-stack
                0x0000000000000000        0x0 binaries/rflread.o
 .note.GNU-stack
                0x0000000000000000        0x0 binaries/rflseek.o
 .note.GNU-stack
                0x0000000000000000        0x0 binaries/rflwrite.o
 .note.GNU-stack
                0x0000000000000000        0x0 binaries/rfscomm.o
 .note.GNU-stack
                0x0000000000000000        0x0 binaries/rfscontrol.o
 .note.GNU-stack
                0x0000000000000000        0x0 binaries/rfsgetmode.o
 .note.GNU-stack
                0x0000000000000000        0x0 binaries/rfsinit.o
 .note.GNU-stack
                0x0000000000000000        0x0 binaries/rfsndmsg.o
 .note.GNU-stack
                0x0000000000000000        0x0 binaries/rfsopen.o
 .note.GNU-stack
                0x0000000000000000        0x0 binaries/arp.o
 .note.GNU-stack
                0x0000000000000000        0x0 binaries/dhcp.o
 .note.GNU-stack
                0x0000000000000000        0x0 binaries/dot2ip.o
 .note.GNU-stack
                0x0000000000000000        0x0 binaries/hexdump.o
 .note.GNU-stack
                0x0000000000000000        0x0 binaries/icmp.o
 .note.GNU-stack
                0x0000000000000000        0x0 binaries/ip.o
 .note.GNU-stack
                0x0000000000000000        0x0 binaries/net.o
 .note.GNU-stack
                0x0000000000000000        0x0 binaries/netstart.o
 .note.GNU-stack
                0x0000000000000000        0x0 binaries/pdump.o
 .note.GNU-stack
                0x0000000000000000        0x0 binaries/tftp.o
 .note.GNU-stack
                0x0000000000000000        0x0 binaries/udp.o
 .note.GNU-stack
                0x0000000000000000        0x0 binaries/addargs.o
 .note.GNU-stack
                0x0000000000000000        0x0 binaries/lexan.o
 .note.GNU-stack
                0x0000000000000000        0x0 binaries/shell.o
 .note.GNU-stack
                0x0000000000000000        0x0 binaries/xsh_argecho.o
 .note.GNU-stack
                0x0000000000000000        0x0 binaries/xsh_arp.o
 .note.GNU-stack
                0x0000000000000000        0x0 binaries/xsh_cat.o
 .note.GNU-stack
                0x0000000000000000        0x0 binaries/xsh_clear.o
 .note.GNU-stack
                0x0000000000000000        0x0 binaries/xsh_date.o
 .note.GNU-stack
                0x0000000000000000        0x0 binaries/xsh_devdump.o
 .note.GNU-stack
                0x0000000000000000        0x0 binaries/xsh_echo.o
 .note.GNU-stack
                0x0000000000000000        0x0 binaries/xsh_exit.o
 .note.GNU-stack
                0x0000000000000000        0x0 binaries/xsh_help.o
 .note.GNU-stack
                0x0000000000000000        0x0 binaries/xsh_ipaddr.o
 .note.GNU-stack
                0x0000000000000000        0x0 binaries/xsh_kill.o
 .note.GNU-stack
                0x0000000000000000        0x0 binaries/xsh_memdump.o
 .note.GNU-stack
                0x0000000000000000        0x0 binaries/xsh_memstat.o
 .note.GNU-stack
                0x0000000000000000        0x0 binaries/xsh_ping.o
 .note.GNU-stack
                0x0000000000000000        0x0 binaries/xsh_ps.o
 .note.GNU-stack
                0x0000000000000000        0x0 binaries/xsh_sleep.o
 .note.GNU-stack
                0x0000000000000000        0x0 binaries/xsh_udpdump.o
 .note.GNU-stack
                0x0000000000000000        0x0 binaries/xsh_udpecho.o
 .note.GNU-stack
                0x0000000000000000        0x0 binaries/xsh_udpeserver.o
 .note.GNU-stack
                0x0000000000000000        0x0 binaries/xsh_uptime.o
