
Allocating common symbols
Common symbol       size              file

netbufpool          0x4               binaries/net.o
readylist           0x2               binaries/ready.o
rfltab              0x5a0             binaries/rflinit.o
sleepq              0x2               binaries/clkinit.o
nnames              0x4               binaries/naminit.o
udptab              0x168             binaries/udp.o
minheap             0x4               binaries/meminit.o
marks               0x50              binaries/mark.o
currpid             0x4               binaries/initialize.o
Lf_data             0x20c             binaries/lfsinit.o
porttab             0x2d0             binaries/ptinit.o
girmask             0x2               binaries/evec.o
ttytab              0x10c             binaries/ttyinit.o
proctab             0x1770            binaries/initialize.o
prcount             0x4               binaries/initialize.o
lfltab              0xf00             binaries/lflinit.o
rdstab              0x8c              binaries/rdsinit.o
ethertab            0x138             binaries/ethinit.o
NetData             0xa8              binaries/net.o
nmarks              0x4               binaries/mark.o
Defer               0x8               binaries/resched.o
semtab              0x4b0             binaries/initialize.o
maxheap             0x4               binaries/meminit.o
preempt             0x4               binaries/clkinit.o
buftab              0xf0              binaries/bufinit.o
Rf_data             0x18              binaries/rfsinit.o
mkmutex             0x4               binaries/mark.o
clktime             0x4               binaries/clkinit.o
arpcache            0x140             binaries/arp.o
icmptab             0x230             binaries/icmp.o
nbpools             0x4               binaries/bufinit.o
queuetab            0x980             binaries/queue.o
ptnextid            0x4               binaries/ptinit.o
Ram                 0x19000           binaries/raminit.o
ipoqueue            0x2c              binaries/ip.o
memlist             0x8               binaries/initialize.o
nametab             0x19a0            binaries/naminit.o
ptfree              0x4               binaries/ptinit.o

Memory Configuration

Name             Origin             Length             Attributes
*default*        0x0000000000000000 0xffffffffffffffff

Linker script and memory map

                0x0000000000100000                physbase = 0x100000
                0x0000000000100000                . = physbase
                0x0000000000100000                . = ALIGN (0x1000)

.text           0x0000000000100000    0x14000
                0x0000000000100000                text = ABSOLUTE (.)
 *(.text .text.*)
 .text          0x0000000000100000      0x1ac binaries/start.o
                0x0000000000100028                start
                0x00000000001000fa                inb
                0x0000000000100102                inw
                0x000000000010010b                inl
                0x0000000000100113                outb
                0x000000000010011d                outw
                0x0000000000100128                outl
                0x0000000000100132                _rtcin
                0x000000000010013d                ___udivsi3
                0x0000000000100148                ___divsi3
                0x0000000000100154                sbzero
                0x0000000000100164                bcopy
                0x0000000000100178                insw
                0x000000000010018e                outsw
                0x00000000001001a4                lidt
 .text          0x00000000001001ac      0x2f6 binaries/ascdate.o
                0x00000000001001ac                ascdate
 .text          0x00000000001004a2       0x10 binaries/bufinit.o
                0x00000000001004a2                bufinit
 .text          0x00000000001004b2       0x6a binaries/chprio.o
                0x00000000001004b2                chprio
 .text          0x000000000010051c       0x73 binaries/clkhandler.o
                0x000000000010051c                clkhandler
 .text          0x000000000010058f       0x76 binaries/clkinit.o
                0x000000000010058f                clkinit
 .text          0x0000000000100605       0x4e binaries/close.o
                0x0000000000100605                close
 .text          0x0000000000100653        0x0 binaries/conf.o
 .text          0x0000000000100653       0x66 binaries/control.o
                0x0000000000100653                control
 .text          0x00000000001006b9      0x1ff binaries/create.o
                0x00000000001006b9                create
 .text          0x00000000001008b8      0x2b9 binaries/early_imr.o
                0x00000000001008b8                intel_cln_early_sb_read_reg
                0x000000000010091f                intel_cln_early_sb_write_reg
                0x0000000000100a2f                remove_irm_protections
 .text          0x0000000000100b71      0x376 binaries/evec.o
                0x0000000000100b71                setirmask
                0x0000000000100baf                set_evec
                0x0000000000100c0c                initevec
                0x0000000000100d1c                trap
 .text          0x0000000000100ee7       0x67 binaries/freebuf.o
                0x0000000000100ee7                freebuf
 .text          0x0000000000100f4e       0xeb binaries/freemem.o
                0x0000000000100f4e                freemem
 .text          0x0000000000101039       0x64 binaries/getbuf.o
                0x0000000000101039                getbuf
 .text          0x000000000010109d       0x4e binaries/getc.o
                0x000000000010109d                getc
 .text          0x00000000001010eb       0x60 binaries/getdev.o
                0x00000000001010eb                getdev
 .text          0x000000000010114b       0x83 binaries/getitem.o
                0x000000000010114b                getitem
                0x0000000000101177                getfirst
                0x00000000001011a0                getlast
 .text          0x00000000001011ce       0xb2 binaries/getmem.o
                0x00000000001011ce                getmem
 .text          0x0000000000101280        0x6 binaries/getpid.o
                0x0000000000101280                getpid
 .text          0x0000000000101286       0x5c binaries/getprio.o
                0x0000000000101286                getprio
 .text          0x00000000001012e2       0x9a binaries/getstk.o
                0x00000000001012e2                getstk
 .text          0x000000000010137c       0x34 binaries/gettime.o
                0x000000000010137c                gettime
 .text          0x00000000001013b0      0x1b8 binaries/getutime.o
                0x00000000001013b0                getutime
 .text          0x0000000000101568       0x4e binaries/init.o
                0x0000000000101568                init
 .text          0x00000000001015b6      0x25c binaries/initialize.o
                0x00000000001015b6                nulluser
                0x00000000001017ca                stop
                0x00000000001017ef                delay
 .text          0x0000000000101812       0xa0 binaries/insert.o
                0x0000000000101812                insert
 .text          0x00000000001018b2       0xe9 binaries/insertd.o
                0x00000000001018b2                insertd
 .text          0x000000000010199b        0x6 binaries/ioerr.o
                0x000000000010199b                ioerr
 .text          0x00000000001019a1        0x6 binaries/ionull.o
                0x00000000001019a1                ionull
 .text          0x00000000001019a7      0x13a binaries/kill.o
                0x00000000001019a7                kill
 .text          0x0000000000101ae1       0xb8 binaries/kprintf.o
                0x0000000000101ae1                kputc
                0x0000000000101b10                console_init
                0x0000000000101b4f                kgetc
                0x0000000000101b71                kprintf
 .text          0x0000000000101b99       0xa8 binaries/main.o
                0x0000000000101b99                cb
                0x0000000000101bbe                rec_process
                0x0000000000101bdf                main
 .text          0x0000000000101c41       0x93 binaries/mark.o
                0x0000000000101c41                markinit
                0x0000000000101c63                mark
 .text          0x0000000000101cd4      0x1d1 binaries/meminit.o
                0x0000000000101cd4                meminit
                0x0000000000101e2e                setsegs
 .text          0x0000000000101ea5      0x117 binaries/mkbufpool.o
                0x0000000000101ea5                mkbufpool
 .text          0x0000000000101fbc       0x5e binaries/newqueue.o
                0x0000000000101fbc                newqueue
 .text          0x000000000010201a       0x5e binaries/open.o
                0x000000000010201a                open
 .text          0x0000000000102078       0x1e binaries/panic.o
                0x0000000000102078                panic
 .text          0x0000000000102096      0x26e binaries/pci.o
                0x0000000000102096                pci_init
                0x000000000010209c                find_pci_device
                0x0000000000102152                pci_read_config_byte
                0x000000000010218d                pci_read_config_word
                0x00000000001021ca                pci_read_config_dword
                0x0000000000102205                pci_write_config_byte
                0x000000000010223e                pci_write_config_word
                0x0000000000102278                pci_write_config_dword
                0x00000000001022b1                pci_get_dev_mmio_base_addr
 .text          0x0000000000102304       0x59 binaries/platinit.o
                0x0000000000102304                platinit
 .text          0x000000000010235d       0xa3 binaries/ptclear.o
                0x000000000010235d                _ptclear
 .text          0x0000000000102400       0x6e binaries/ptcount.o
                0x0000000000102400                ptcount
 .text          0x000000000010246e       0xc0 binaries/ptcreate.o
                0x000000000010246e                ptcreate
 .text          0x000000000010252e       0x66 binaries/ptdelete.o
                0x000000000010252e                ptdelete
 .text          0x0000000000102594       0x89 binaries/ptinit.o
                0x0000000000102594                ptinit
 .text          0x000000000010261d       0xb5 binaries/ptrecv.o
                0x000000000010261d                ptrecv
 .text          0x00000000001026d2       0x60 binaries/ptreset.o
                0x00000000001026d2                ptreset
 .text          0x0000000000102732       0xd0 binaries/ptsend.o
                0x0000000000102732                ptsend
 .text          0x0000000000102802       0x5d binaries/putc.o
                0x0000000000102802                putc
 .text          0x000000000010285f       0xd5 binaries/quark_irq.o
                0x000000000010285f                quark_irq_routing
 .text          0x0000000000102934      0x1c9 binaries/quark_pdat.o
                0x0000000000102934                get_quark_pdat_entry_data_by_id
                0x0000000000102a15                get_quark_pdat_entry_data_by_desc
 .text          0x0000000000102afd       0xb3 binaries/queue.o
                0x0000000000102afd                enqueue
                0x0000000000102b69                dequeue
 .text          0x0000000000102bb0       0x5e binaries/read.o
                0x0000000000102bb0                read
 .text          0x0000000000102c0e       0x6e binaries/ready.o
                0x0000000000102c0e                ready
 .text          0x0000000000102c7c       0x51 binaries/receive.o
                0x0000000000102c7c                receive
 .text          0x0000000000102ccd       0x42 binaries/recvclr.o
                0x0000000000102ccd                recvclr
 .text          0x0000000000102d0f       0x99 binaries/recvtime.o
                0x0000000000102d0f                recvtime
 .text          0x0000000000102da8       0x21 binaries/registercb.o
                0x0000000000102da8                registercb
 .text          0x0000000000102dc9       0x30 binaries/registercbsig.o
                0x0000000000102dc9                registercbsig
 .text          0x0000000000102df9      0x143 binaries/resched.o
                0x0000000000102df9                resched
                0x0000000000102ec9                resched_cntl
 .text          0x0000000000102f3c       0x87 binaries/resume.o
                0x0000000000102f3c                resume
 .text          0x0000000000102fc3       0x56 binaries/seek.o
                0x0000000000102fc3                seek
 .text          0x0000000000103019       0x47 binaries/semcount.o
                0x0000000000103019                semcount
 .text          0x0000000000103060       0x8d binaries/semcreate.o
                0x0000000000103060                semcreate
 .text          0x00000000001030ed       0xa8 binaries/semdelete.o
                0x00000000001030ed                semdelete
 .text          0x0000000000103195       0x95 binaries/semreset.o
                0x0000000000103195                semreset
 .text          0x000000000010322a       0xb4 binaries/send.o
                0x000000000010322a                send
 .text          0x00000000001032de       0x7c binaries/signal.o
                0x00000000001032de                signal
 .text          0x000000000010335a       0xa8 binaries/signaln.o
                0x000000000010335a                signaln
 .text          0x0000000000103402       0xbc binaries/sleep.o
                0x0000000000103402                sleepms
                0x000000000010348c                sleep
 .text          0x00000000001034be      0x179 binaries/stacktrace.o
                0x00000000001034be                stacktrace
 .text          0x0000000000103637       0xb2 binaries/suspend.o
                0x0000000000103637                suspend
 .text          0x00000000001036e9       0xa8 binaries/unsleep.o
                0x00000000001036e9                unsleep
 .text          0x0000000000103791       0x14 binaries/userret.o
                0x0000000000103791                userret
 .text          0x00000000001037a5       0x9f binaries/wait.o
                0x00000000001037a5                wait
 .text          0x0000000000103844       0x71 binaries/wakeup.o
                0x0000000000103844                wakeup
 .text          0x00000000001038b5       0x5e binaries/write.o
                0x00000000001038b5                write
 .text          0x0000000000103913       0x18 binaries/xdone.o
                0x0000000000103913                xdone
 .text          0x000000000010392b       0x22 binaries/yield.o
                0x000000000010392b                yield
 .text          0x000000000010394d        0xe binaries/abs.o
                0x000000000010394d                abs
 .text          0x000000000010395b       0x70 binaries/atoi.o
                0x000000000010395b                atoi
 .text          0x00000000001039cb       0x70 binaries/atol.o
                0x00000000001039cb                atol
 .text          0x0000000000103a3b       0x18 binaries/bzero.o
                0x0000000000103a3b                bzero
 .text          0x0000000000103a53        0x0 binaries/ctype_.o
 .text          0x0000000000103a53      0x716 binaries/doprnt.o
                0x0000000000103ba1                _doprnt
 .text          0x0000000000104169      0x631 binaries/doscan.o
                0x0000000000104169                _doscan
 .text          0x000000000010479a      0x70a binaries/fdoprnt.o
                0x000000000010481a                _fdoprnt
 .text          0x0000000000104ea4       0x1c binaries/fgetc.o
                0x0000000000104ea4                fgetc
 .text          0x0000000000104ec0       0x5e binaries/fgets.o
                0x0000000000104ec0                fgets
 .text          0x0000000000104f1e       0x30 binaries/fprintf.o
                0x0000000000104f1e                fprintf
 .text          0x0000000000104f4e       0x29 binaries/fputc.o
                0x0000000000104f4e                fputc
 .text          0x0000000000104f77       0x3a binaries/fputs.o
                0x0000000000104f77                fputs
 .text          0x0000000000104fb1       0x7a binaries/fscanf.o
                0x0000000000104fe8                fscanf
 .text          0x000000000010502b       0x27 binaries/getchar.o
                0x000000000010502b                getchar
 .text          0x0000000000105052        0xe binaries/labs.o
                0x0000000000105052                labs
 .text          0x0000000000105060       0x32 binaries/memchr.o
                0x0000000000105060                memchr
 .text          0x0000000000105092       0x4a binaries/memcmp.o
                0x0000000000105092                memcmp
 .text          0x00000000001050dc       0x25 binaries/memcpy.o
                0x00000000001050dc                memcpy
 .text          0x0000000000105101       0x1e binaries/memset.o
                0x0000000000105101                memset
 .text          0x000000000010511f       0x44 binaries/printf.o
                0x000000000010511f                printf
 .text          0x0000000000105163       0x2f binaries/putchar.o
                0x0000000000105163                putchar
 .text          0x0000000000105192      0x1cb binaries/qsort.o
                0x0000000000105332                qsort
 .text          0x000000000010535d       0x44 binaries/rand.o
                0x000000000010535d                srand
                0x0000000000105367                rand
 .text          0x00000000001053a1       0x55 binaries/sprintf.o
                0x00000000001053b8                sprintf
 .text          0x00000000001053f6       0x6c binaries/sscanf.o
                0x000000000010541f                sscanf
 .text          0x0000000000105462       0x33 binaries/strchr.o
                0x0000000000105462                strchr
 .text          0x0000000000105495       0x43 binaries/strcmp.o
                0x0000000000105495                strcmp
 .text          0x00000000001054d8       0x1a binaries/strcpy.o
                0x00000000001054d8                strcpy
 .text          0x00000000001054f2       0x1c binaries/strlen.o
                0x00000000001054f2                strlen
 .text          0x000000000010550e       0x3b binaries/strncat.o
                0x000000000010550e                strncat
 .text          0x0000000000105549       0x3a binaries/strncmp.o
                0x0000000000105549                strncmp
 .text          0x0000000000105583       0x58 binaries/strncpy.o
                0x0000000000105583                strncpy
 .text          0x00000000001055db       0x2e binaries/strnlen.o
                0x00000000001055db                strnlen
 .text          0x0000000000105609       0x30 binaries/strrchr.o
                0x0000000000105609                strrchr
 .text          0x0000000000105639       0x6e binaries/strstr.o
                0x0000000000105639                strstr
 .text          0x00000000001056a7       0xbb binaries/ttycontrol.o
                0x00000000001056a7                ttycontrol
 .text          0x0000000000105762       0x7b binaries/ttygetc.o
                0x0000000000105762                ttygetc
 .text          0x00000000001057dd      0x469 binaries/ttyhandle_in.o
                0x0000000000105892                ttyhandle_in
 .text          0x0000000000105c46      0x164 binaries/ttyhandle_out.o
                0x0000000000105c46                ttyhandle_out
 .text          0x0000000000105daa       0x83 binaries/ttyhandler.o
                0x0000000000105daa                ttyhandler
 .text          0x0000000000105e2d      0x14e binaries/ttyinit.o
                0x0000000000105e2d                ttyinit
 .text          0x0000000000105f7b        0xc binaries/ttykickout.o
                0x0000000000105f7b                ttykickout
 .text          0x0000000000105f87       0x93 binaries/ttyputc.o
                0x0000000000105f87                ttyputc
 .text          0x000000000010601a       0xe2 binaries/ttyread.o
                0x000000000010601a                ttyread
 .text          0x00000000001060fc       0x4d binaries/ttywrite.o
                0x00000000001060fc                ttywrite
 .text          0x0000000000106149      0x10d binaries/mount.o
                0x0000000000106149                namlen
                0x0000000000106181                mount
 .text          0x0000000000106256      0x1d5 binaries/naminit.o
                0x0000000000106256                naminit
 .text          0x000000000010642b      0x203 binaries/nammap.o
                0x000000000010642b                namrepl
                0x000000000010653e                namcpy
                0x000000000010658b                nammap
 .text          0x000000000010662e       0x58 binaries/namopen.o
                0x000000000010662e                namopen
 .text          0x0000000000106686       0xd0 binaries/colon2mac.o
                0x0000000000106686                colon2mac
 .text          0x0000000000106756       0x7b binaries/ethcontrol.o
                0x0000000000106756                ethcontrol
 .text          0x00000000001067d1       0xfa binaries/ethhandler.o
                0x00000000001067d1                ethhandler
 .text          0x00000000001068cb      0x4cf binaries/ethinit.o
                0x00000000001068cb                eth_phy_read
                0x000000000010690a                eth_phy_write
                0x000000000010694c                eth_phy_reset
                0x0000000000106a48                ethinit
 .text          0x0000000000106d9a      0x11a binaries/ethmcast.o
                0x0000000000106d9a                ethmcast_add
                0x0000000000106ded                ethmcast_remove
 .text          0x0000000000106eb4      0x156 binaries/ethread.o
                0x0000000000106eb4                ethread
 .text          0x000000000010700a       0xa3 binaries/ethwrite.o
                0x000000000010700a                ethwrite
 .text          0x00000000001070ad       0x62 binaries/rdsbufalloc.o
                0x00000000001070ad                rdsbufalloc
 .text          0x000000000010710f       0x7f binaries/rdsclose.o
                0x000000000010710f                rdsclose
 .text          0x000000000010718e      0x200 binaries/rdscomm.o
                0x000000000010718e                rdscomm
 .text          0x000000000010738e      0x194 binaries/rdscontrol.o
                0x000000000010738e                rdscontrol
 .text          0x0000000000107522      0x17e binaries/rdsinit.o
                0x0000000000107522                rdsinit
 .text          0x00000000001076a0      0x15f binaries/rdsopen.o
                0x00000000001076a0                rdsopen
 .text          0x00000000001077ff      0x2d8 binaries/rdsprocess.o
                0x00000000001077ff                rdsprocess
 .text          0x0000000000107ad7      0x18a binaries/rdsread.o
                0x0000000000107ad7                rdsread
 .text          0x0000000000107c61      0x141 binaries/rdswrite.o
                0x0000000000107c61                rdswrite
 .text          0x0000000000107da2        0x6 binaries/ramclose.o
                0x0000000000107da2                ramclose
 .text          0x0000000000107da8       0x44 binaries/raminit.o
                0x0000000000107da8                raminit
 .text          0x0000000000107dec        0x7 binaries/ramopen.o
                0x0000000000107dec                ramopen
 .text          0x0000000000107df3       0x30 binaries/ramread.o
                0x0000000000107df3                ramread
 .text          0x0000000000107e23       0x30 binaries/ramwrite.o
                0x0000000000107e23                ramwrite
 .text          0x0000000000107e53       0x91 binaries/lfdballoc.o
                0x0000000000107e53                lfdballoc
 .text          0x0000000000107ee4       0x5d binaries/lfdbfree.o
                0x0000000000107ee4                lfdbfree
 .text          0x0000000000107f41       0xaa binaries/lfflush.o
                0x0000000000107f41                lfflush
 .text          0x0000000000107feb       0x7a binaries/lfgetmode.o
                0x0000000000107feb                lfgetmode
 .text          0x0000000000108065       0x68 binaries/lfiballoc.o
                0x0000000000108065                lfiballoc
 .text          0x00000000001080cd       0x25 binaries/lfibclear.o
                0x00000000001080cd                lfibclear
 .text          0x00000000001080f2       0x7a binaries/lfibget.o
                0x00000000001080f2                lfibget
 .text          0x000000000010816c       0xa0 binaries/lfibput.o
                0x000000000010816c                lfibput
 .text          0x000000000010820c       0x76 binaries/lflclose.o
                0x000000000010820c                lflclose
 .text          0x0000000000108282       0xa2 binaries/lflcontrol.o
                0x0000000000108282                lflcontrol
 .text          0x0000000000108324       0x9e binaries/lflgetc.o
                0x0000000000108324                lflgetc
 .text          0x00000000001083c2       0xb8 binaries/lflinit.o
                0x00000000001083c2                lflinit
 .text          0x000000000010847a       0xba binaries/lflputc.o
                0x000000000010847a                lflputc
 .text          0x0000000000108534       0x6a binaries/lflread.o
                0x0000000000108534                lflread
 .text          0x000000000010859e       0x82 binaries/lflseek.o
                0x000000000010859e                lflseek
 .text          0x0000000000108620       0x56 binaries/lflwrite.o
                0x0000000000108620                lflwrite
 .text          0x0000000000108676      0x129 binaries/lfsckfmt.o
                0x0000000000108676                lfsckfmt
 .text          0x000000000010879f      0x1d9 binaries/lfscreate.o
                0x000000000010879f                lfscreate
 .text          0x0000000000108978      0x1aa binaries/lfsetup.o
                0x0000000000108978                lfsetup
 .text          0x0000000000108b22       0x51 binaries/lfsinit.o
                0x0000000000108b22                lfsinit
 .text          0x0000000000108b73      0x2ad binaries/lfsopen.o
                0x0000000000108b73                lfsopen
 .text          0x0000000000108e20      0x11c binaries/lftruncate.o
                0x0000000000108e20                lftruncate
 .text          0x0000000000108f3c       0x5a binaries/rflclose.o
                0x0000000000108f3c                rflclose
 .text          0x0000000000108f96       0x34 binaries/rflgetc.o
                0x0000000000108f96                rflgetc
 .text          0x0000000000108fca       0x4b binaries/rflinit.o
                0x0000000000108fca                rflinit
 .text          0x0000000000109015       0x3a binaries/rflputc.o
                0x0000000000109015                rflputc
 .text          0x000000000010904f      0x296 binaries/rflread.o
                0x000000000010904f                rflread
 .text          0x00000000001092e5       0x60 binaries/rflseek.o
                0x00000000001092e5                rflseek
 .text          0x0000000000109345      0x2b3 binaries/rflwrite.o
                0x0000000000109345                rflwrite
 .text          0x00000000001095f8      0x17f binaries/rfscomm.o
                0x00000000001095f8                rfscomm
 .text          0x0000000000109777      0x24a binaries/rfscontrol.o
                0x0000000000109777                rfscontrol
 .text          0x00000000001099c1       0x7a binaries/rfsgetmode.o
                0x00000000001099c1                rfsgetmode
 .text          0x0000000000109a3b       0x76 binaries/rfsinit.o
                0x0000000000109a3b                rfsinit
 .text          0x0000000000109ab1       0xbb binaries/rfsndmsg.o
                0x0000000000109ab1                rfsndmsg
 .text          0x0000000000109b6c      0x229 binaries/rfsopen.o
                0x0000000000109b6c                rfsopen
 .text          0x0000000000109d95      0x64d binaries/arp.o
                0x0000000000109d95                arp_init
                0x0000000000109dad                arp_alloc
                0x0000000000109e5d                arp_ntoh
                0x0000000000109ec7                arp_hton
                0x0000000000109f31                arp_resolve
                0x000000000010a1b0                arp_in
 .text          0x000000000010a3e2      0x614 binaries/dhcp.o
                0x000000000010a3e2                dhcp_get_opt_val
                0x000000000010a435                dhcp_bld_bootp_msg
                0x000000000010a535                dhcp_bld_disc
                0x000000000010a587                dhcp_bld_req
                0x000000000010a625                getlocalip
 .text          0x000000000010a9f6       0xcb binaries/dot2ip.o
                0x000000000010a9f6                dot2ip
 .text          0x000000000010aac1      0x366 binaries/hexdump.o
                0x000000000010aac1                hexdump
                0x000000000010abf0                hexadump
 .text          0x000000000010ae27      0x5ef binaries/icmp.o
                0x000000000010ae27                icmp_init
                0x000000000010ae3f                icmp_register
                0x000000000010aef1                icmp_recv
                0x000000000010b046                icmp_mkpkt
                0x000000000010b120                icmp_in
                0x000000000010b258                icmp_send
                0x000000000010b2d4                icmp_release
                0x000000000010b390                icmp_cksum
                0x000000000010b3ee                icmp_hton
                0x000000000010b402                icmp_ntoh
 .text          0x000000000010b416      0x567 binaries/ip.o
                0x000000000010b416                ip_local
                0x000000000010b44a                ipcksum
                0x000000000010b49b                ip_ntoh
                0x000000000010b505                ip_in
                0x000000000010b5fa                ip_hton
                0x000000000010b664                ip_out
                0x000000000010b718                ip_send
                0x000000000010b815                ipout
                0x000000000010b8f1                ip_enqueue
 .text          0x000000000010b97d      0x1d3 binaries/net.o
                0x000000000010b97d                net_init
                0x000000000010bab8                eth_hton
                0x000000000010bac2                eth_ntoh
                0x000000000010bacc                netin
 .text          0x000000000010bb50       0xd3 binaries/netstart.o
                0x000000000010bb50                netstart
 .text          0x000000000010bc23      0xb3f binaries/pdump.o
                0x000000000010bc23                pdump
                0x000000000010c290                pdumph
 .text          0x000000000010c762      0x5db binaries/tftp.o
                0x000000000010c762                tftp_send1
                0x000000000010c895                tftpget_mb
                0x000000000010cd00                tftpget
 .text          0x000000000010cd3d      0x7d8 binaries/udp.o
                0x000000000010cd3d                udp_init
                0x000000000010cd7a                udp_in
                0x000000000010ce33                udp_register
                0x000000000010cf21                udp_recv
                0x000000000010d038                udp_recvaddr
                0x000000000010d166                udp_send
                0x000000000010d2e1                udp_sendto
                0x000000000010d431                udp_release
                0x000000000010d4ed                udp_ntoh
                0x000000000010d501                udp_hton
 .text          0x000000000010d515      0x104 binaries/addargs.o
                0x000000000010d515                addargs
 .text          0x000000000010d619      0x1f8 binaries/lexan.o
                0x000000000010d619                lexan
 .text          0x000000000010d811      0x63d binaries/shell.o
                0x000000000010d811                shell
 .text          0x000000000010de4e       0x5b binaries/xsh_argecho.o
                0x000000000010de4e                xsh_argecho
 .text          0x000000000010dea9      0x1d6 binaries/xsh_arp.o
                0x000000000010dea9                xsh_arp
 .text          0x000000000010e07f      0x219 binaries/xsh_cat.o
                0x000000000010e07f                xsh_cat
 .text          0x000000000010e298       0x58 binaries/xsh_clear.o
                0x000000000010e298                xsh_clear
 .text          0x000000000010e2f0      0x2bf binaries/xsh_date.o
                0x000000000010e2f0                xsh_date
 .text          0x000000000010e5af       0x8f binaries/xsh_devdump.o
                0x000000000010e5af                xsh_devdump
 .text          0x000000000010e63e       0x60 binaries/xsh_echo.o
                0x000000000010e63e                xsh_echo
 .text          0x000000000010e69e        0x6 binaries/xsh_exit.o
                0x000000000010e69e                xsh_exit
 .text          0x000000000010e6a4      0x329 binaries/xsh_help.o
                0x000000000010e6a4                xsh_help
 .text          0x000000000010e9cd      0x42d binaries/xsh_ipaddr.o
                0x000000000010e9cd                xsh_ipaddr
 .text          0x000000000010edfa      0x1f9 binaries/xsh_kill.o
                0x000000000010edfa                xsh_kill
 .text          0x000000000010eff3      0x3fb binaries/xsh_memdump.o
                0x000000000010f0a9                xsh_memdump
 .text          0x000000000010f3ee      0x1fc binaries/xsh_memstat.o
                0x000000000010f3ee                xsh_memstat
 .text          0x000000000010f5ea      0x320 binaries/xsh_ping.o
                0x000000000010f5ea                xsh_ping
 .text          0x000000000010f90a      0x1fe binaries/xsh_ps.o
                0x000000000010f90a                xsh_ps
 .text          0x000000000010fb08      0x1e8 binaries/xsh_sleep.o
                0x000000000010fb08                xsh_sleep
 .text          0x000000000010fcf0      0x22c binaries/xsh_udpdump.o
                0x000000000010fcf0                xsh_udpdump
 .text          0x000000000010ff1c      0x44e binaries/xsh_udpecho.o
                0x000000000010ff1c                xsh_udpecho
 .text          0x000000000011036a      0x287 binaries/xsh_udpeserver.o
                0x000000000011036a                xsh_udpeserver
 .text          0x00000000001105f1      0x1c6 binaries/xsh_uptime.o
                0x00000000001105f1                xsh_uptime
 .text          0x00000000001107b7        0xe binaries/clkdisp.o
                0x00000000001107b7                clkdisp
 .text          0x00000000001107c5       0x19 binaries/ctxsw.o
                0x00000000001107c5                ctxsw
 .text          0x00000000001107de      0x36b binaries/intr.o
                0x00000000001107de                disable
                0x00000000001107e7                restore
                0x00000000001107f5                enable
                0x00000000001107f7                pause
                0x00000000001107fe                halt
                0x0000000000110804                spurious_irq7
                0x0000000000110809                spurious_irq15
                0x0000000000110818                _Xint0
                0x0000000000110823                _Xint1
                0x000000000011082e                _Xint2
                0x0000000000110839                _Xint3
                0x0000000000110844                _Xint4
                0x000000000011084f                _Xint5
                0x000000000011085a                _Xint6
                0x0000000000110865                _Xint7
                0x0000000000110870                _Xint8
                0x000000000011087b                _Xint9
                0x0000000000110886                _Xint10
                0x0000000000110891                _Xint11
                0x000000000011089f                _Xint12
                0x00000000001108ad                _Xint13
                0x00000000001108bb                _Xint14
                0x00000000001108c9                _Xint15
                0x00000000001108d7                _Xint16
                0x00000000001108e5                _Xint17
                0x00000000001108f3                _Xint18
                0x0000000000110901                _Xint19
                0x000000000011090f                _Xint20
                0x000000000011091d                _Xint21
                0x000000000011092b                _Xint22
                0x0000000000110939                _Xint23
                0x0000000000110947                _Xint24
                0x0000000000110955                _Xint25
                0x0000000000110963                _Xint26
                0x0000000000110971                _Xint27
                0x000000000011097f                _Xint28
                0x000000000011098d                _Xint29
                0x000000000011099b                _Xint30
                0x00000000001109a9                _Xint31
                0x00000000001109b7                _Xint32
                0x00000000001109c5                _Xint33
                0x00000000001109d3                _Xint34
                0x00000000001109e1                _Xint35
                0x00000000001109ef                _Xint36
                0x00000000001109fd                _Xint37
                0x0000000000110a0b                _Xint38
                0x0000000000110a19                _Xint39
                0x0000000000110a27                _Xint40
                0x0000000000110a35                _Xint41
                0x0000000000110a43                _Xint42
                0x0000000000110a51                _Xint43
                0x0000000000110a5f                _Xint44
                0x0000000000110a6d                _Xint45
                0x0000000000110a7b                _Xint46
                0x0000000000110a89                defevec
 .text          0x0000000000110b49        0xf binaries/ttydispatch.o
                0x0000000000110b49                ttydispatch
 .text          0x0000000000110b58       0x13 binaries/ethdispatch.o
                0x0000000000110b58                ethdispatch
 *(.rodata .rodata.*)
 .rodata.str1.1
                0x0000000000110b6b       0x54 binaries/ascdate.o
 *fill*         0x0000000000110bbf        0x1 
 .rodata.str1.4
                0x0000000000110bc0       0x22 binaries/ascdate.o
 .rodata.str1.1
                0x0000000000110be2       0x5f binaries/conf.o
 *fill*         0x0000000000110c41        0x3 
 .rodata.str1.4
                0x0000000000110c44       0x4f binaries/early_imr.o
 .rodata        0x0000000000110c93       0x30 binaries/early_imr.o
 .rodata.str1.1
                0x0000000000110cc3      0x20c binaries/evec.o
 *fill*         0x0000000000110ecf        0x1 
 .rodata.str1.4
                0x0000000000110ed0       0x23 binaries/evec.o
 .rodata.str1.1
                0x0000000000110ef3        0xb binaries/getutime.o
 *fill*         0x0000000000110efe        0x2 
 .rodata.str1.4
                0x0000000000110f00       0x54 binaries/getutime.o
 .rodata.str1.1
                0x0000000000110f54       0x63 binaries/initialize.o
                                         0x67 (size before relaxing)
 *fill*         0x0000000000110fb7        0x1 
 .rodata.str1.4
                0x0000000000110fb8       0xd0 binaries/initialize.o
 .rodata        0x0000000000111088       0x20 binaries/kill.o
 .rodata.str1.1
                0x00000000001110a8       0x27 binaries/main.o
 *fill*         0x00000000001110cf        0x1 
 .rodata.str1.4
                0x00000000001110d0       0x23 binaries/meminit.o
 .rodata.str1.1
                0x00000000001110f3       0x1b binaries/meminit.o
 .rodata.str1.1
                0x000000000011110e        0xf binaries/panic.o
 .rodata.str1.1
                0x000000000011111d       0x1c binaries/ptinit.o
 *fill*         0x0000000000111139        0x3 
 .rodata.str1.4
                0x000000000011113c       0x25 binaries/ptsend.o
 .rodata.str1.1
                0x0000000000111161       0x22 binaries/quark_pdat.o
 *fill*         0x0000000000111183        0x1 
 .rodata.str1.4
                0x0000000000111184       0x63 binaries/stacktrace.o
 .rodata.str1.1
                0x00000000001111e7       0x52 binaries/stacktrace.o
 *fill*         0x0000000000111239        0x3 
 .rodata.str1.4
                0x000000000011123c       0x27 binaries/xdone.o
 *fill*         0x0000000000111263       0x1d 
 .rodata        0x0000000000111280       0x81 binaries/ctype_.o
                0x0000000000111280                _ctype_
 .rodata.str1.1
                0x0000000000111301       0x29 binaries/doprnt.o
 *fill*         0x000000000011132a        0x2 
 .rodata        0x000000000011132c       0xc4 binaries/doprnt.o
 .rodata        0x00000000001113f0       0x98 binaries/doscan.o
 .rodata.str1.1
                0x0000000000000000       0x29 binaries/fdoprnt.o
 .rodata        0x0000000000111488       0x84 binaries/fdoprnt.o
 .rodata        0x000000000011150c       0x20 binaries/ttycontrol.o
 .rodata.str1.4
                0x000000000011152c       0x4c binaries/naminit.o
 .rodata.str1.1
                0x0000000000111578       0x32 binaries/naminit.o
                                         0x35 (size before relaxing)
 .rodata.str1.1
                0x00000000001115aa       0x15 binaries/ethinit.o
 *fill*         0x00000000001115bf        0x1 
 .rodata.str1.4
                0x00000000001115c0       0x2e binaries/ethinit.o
 *fill*         0x00000000001115ee        0x2 
 .rodata.str1.4
                0x00000000001115f0       0x2c binaries/rdsbufalloc.o
 .rodata.str1.4
                0x000000000011161c       0x76 binaries/rdscomm.o
 *fill*         0x0000000000111692        0x2 
 .rodata.str1.4
                0x0000000000111694       0x48 binaries/rdscontrol.o
 .rodata.str1.4
                0x00000000001116dc       0x7e binaries/rdsinit.o
 .rodata.str1.1
                0x000000000011175a       0x18 binaries/rdsinit.o
 *fill*         0x0000000000111772        0x2 
 .rodata.str1.4
                0x0000000000111774       0x22 binaries/rdsopen.o
 *fill*         0x0000000000111796        0x2 
 .rodata.str1.4
                0x0000000000111798       0x4d binaries/rdsprocess.o
 .rodata.str1.1
                0x00000000001117e5        0x9 binaries/raminit.o
 .rodata.str1.1
                0x00000000001117ee       0x13 binaries/lfdballoc.o
 *fill*         0x0000000000111801        0x3 
 .rodata.str1.4
                0x0000000000111804       0x23 binaries/lfdballoc.o
 .rodata.str1.1
                0x0000000000111827       0x14 binaries/lfiballoc.o
 *fill*         0x000000000011183b        0x1 
 .rodata.str1.4
                0x000000000011183c       0x23 binaries/lflcontrol.o
 .rodata.str1.1
                0x000000000011185f       0x64 binaries/lfsckfmt.o
 *fill*         0x00000000001118c3        0x1 
 .rodata.str1.4
                0x00000000001118c4       0x51 binaries/lfsckfmt.o
 *fill*         0x0000000000111915        0x3 
 .rodata.str1.4
                0x0000000000111918       0x21 binaries/rflread.o
 .rodata.str1.4
                0x0000000000000000       0x21 binaries/rflwrite.o
 *fill*         0x0000000000111939        0x3 
 .rodata.str1.4
                0x000000000011193c       0x75 binaries/rfscomm.o
 *fill*         0x00000000001119b1        0x3 
 .rodata.str1.4
                0x00000000001119b4       0x23 binaries/rfscontrol.o
 *fill*         0x00000000001119d7        0x1 
 .rodata        0x00000000001119d8       0x18 binaries/rfscontrol.o
 .rodata.str1.1
                0x0000000000000000       0x10 binaries/rfsinit.o
 .rodata.str1.4
                0x00000000001119f0       0x57 binaries/rfsinit.o
 *fill*         0x0000000000111a47        0x1 
 .rodata.str1.4
                0x0000000000111a48       0x2a binaries/rfsndmsg.o
 .rodata.str1.4
                0x0000000000000000       0x22 binaries/rfsopen.o
 .rodata.str1.1
                0x0000000000111a72       0x19 binaries/arp.o
 *fill*         0x0000000000111a8b        0x1 
 .rodata.str1.4
                0x0000000000111a8c       0x21 binaries/arp.o
 *fill*         0x0000000000111aad        0x3 
 .rodata.str1.4
                0x0000000000111ab0       0xa6 binaries/dhcp.o
 .rodata.str1.1
                0x0000000000111b56       0x4a binaries/dhcp.o
 .rodata.str1.1
                0x0000000000111ba0       0x5a binaries/hexdump.o
                                         0x61 (size before relaxing)
 *fill*         0x0000000000111bfa        0x2 
 .rodata.str1.4
                0x0000000000111bfc       0x67 binaries/hexdump.o
 *fill*         0x0000000000111c63        0x1 
 .rodata.str1.4
                0x0000000000111c64       0x29 binaries/icmp.o
 .rodata.str1.1
                0x0000000000111c8d       0x4e binaries/ip.o
 *fill*         0x0000000000111cdb        0x1 
 .rodata.str1.4
                0x0000000000111cdc       0x20 binaries/ip.o
 .rodata.str1.4
                0x0000000000111cfc       0x28 binaries/net.o
 .rodata.str1.1
                0x0000000000111d24       0x27 binaries/net.o
 *fill*         0x0000000000111d4b        0x1 
 .rodata.str1.4
                0x0000000000111d4c       0xcf binaries/netstart.o
 .rodata.str1.1
                0x0000000000111e1b      0x141 binaries/pdump.o
                                        0x14b (size before relaxing)
 .rodata.str1.4
                0x0000000000111f5c      0x126 binaries/pdump.o
 *fill*         0x0000000000112082        0x2 
 .rodata.str1.4
                0x0000000000112084      0x148 binaries/tftp.o
 .rodata.str1.1
                0x00000000001121cc        0x6 binaries/tftp.o
                                          0xa (size before relaxing)
 .rodata.str1.1
                0x00000000001121d2       0xe3 binaries/shell.o
                                         0xff (size before relaxing)
 *fill*         0x00000000001122b5        0x3 
 .rodata.str1.4
                0x00000000001122b8      0x1c4 binaries/shell.o
 *fill*         0x000000000011247c        0x4 
 .rodata        0x0000000000112480       0xfc binaries/shell.o
                0x0000000000112480                cmdtab
 .rodata.str1.1
                0x000000000011257c       0x26 binaries/xsh_argecho.o
                                         0x28 (size before relaxing)
 .rodata.str1.1
                0x00000000001125a2       0x70 binaries/xsh_arp.o
                                         0x72 (size before relaxing)
 *fill*         0x0000000000112612        0x2 
 .rodata.str1.4
                0x0000000000112614       0xb4 binaries/xsh_arp.o
 .rodata.str1.1
                0x00000000001126c8       0x2d binaries/xsh_cat.o
                                         0x4f (size before relaxing)
 *fill*         0x00000000001126f5        0x3 
 .rodata.str1.4
                0x00000000001126f8       0x52 binaries/xsh_cat.o
                                         0x79 (size before relaxing)
 .rodata.str1.1
                0x000000000011274a       0x15 binaries/xsh_clear.o
 .rodata.str1.1
                0x000000000011275f       0x46 binaries/xsh_date.o
                                         0x5f (size before relaxing)
 *fill*         0x00000000001127a5        0x3 
 .rodata.str1.4
                0x00000000001127a8      0x163 binaries/xsh_date.o
 .rodata.str1.1
                0x000000000011290b       0x5d binaries/xsh_devdump.o
 .rodata.str1.1
                0x0000000000112968        0x4 binaries/xsh_echo.o
                                          0x9 (size before relaxing)
 .rodata.str1.1
                0x000000000011296c       0x65 binaries/xsh_help.o
                                         0xa3 (size before relaxing)
 *fill*         0x00000000001129d1        0x3 
 .rodata.str1.4
                0x00000000001129d4       0x7c binaries/xsh_help.o
                                         0xc6 (size before relaxing)
 .rodata.str1.1
                0x0000000000112a50       0x9c binaries/xsh_ipaddr.o
                                         0xf8 (size before relaxing)
 .rodata.str1.4
                0x0000000000112aec       0x4d binaries/xsh_ipaddr.o
                                         0x99 (size before relaxing)
 .rodata.str1.1
                0x0000000000112b39       0x78 binaries/xsh_kill.o
                                         0x97 (size before relaxing)
 *fill*         0x0000000000112bb1        0x3 
 .rodata.str1.4
                0x0000000000112bb4       0x4a binaries/xsh_kill.o
                                         0x96 (size before relaxing)
 .rodata.str1.1
                0x0000000000112bfe       0x84 binaries/xsh_memdump.o
                                         0xa8 (size before relaxing)
 *fill*         0x0000000000112c82        0x2 
 .rodata.str1.4
                0x0000000000112c84      0x15a binaries/xsh_memdump.o
                                        0x1aa (size before relaxing)
 .rodata.str1.1
                0x0000000000112dde       0x40 binaries/xsh_memstat.o
                                         0x79 (size before relaxing)
 *fill*         0x0000000000112e1e        0x2 
 .rodata.str1.4
                0x0000000000112e20      0x187 binaries/xsh_memstat.o
                                        0x1af (size before relaxing)
 .rodata.str1.1
                0x0000000000112fa7       0x90 binaries/xsh_ping.o
                                         0xaf (size before relaxing)
 *fill*         0x0000000000113037        0x1 
 .rodata.str1.4
                0x0000000000113038       0x77 binaries/xsh_ping.o
                                         0xc6 (size before relaxing)
 .rodata.str1.1
                0x00000000001130af       0x74 binaries/xsh_ps.o
                                         0xd5 (size before relaxing)
 *fill*         0x0000000000113123        0x1 
 .rodata.str1.4
                0x0000000000113124       0x80 binaries/xsh_ps.o
                                         0xd0 (size before relaxing)
 *fill*         0x00000000001131a4       0x1c 
 .rodata        0x00000000001131c0       0x20 binaries/xsh_ps.o
 .rodata.str1.1
                0x00000000001131e0       0x31 binaries/xsh_sleep.o
                                         0x72 (size before relaxing)
 *fill*         0x0000000000113211        0x3 
 .rodata.str1.4
                0x0000000000113214       0x2a binaries/xsh_sleep.o
                                         0x7a (size before relaxing)
 .rodata.str1.1
                0x000000000011323e       0x6b binaries/xsh_udpdump.o
                                         0xd2 (size before relaxing)
 *fill*         0x00000000001132a9        0x3 
 .rodata.str1.4
                0x00000000001132ac       0x94 binaries/xsh_udpdump.o
                                         0xe4 (size before relaxing)
 .rodata.str1.1
                0x0000000000113340       0xdb binaries/xsh_udpecho.o
                                         0xfa (size before relaxing)
 *fill*         0x000000000011341b        0x1 
 .rodata.str1.4
                0x000000000011341c       0xc7 binaries/xsh_udpecho.o
                                        0x116 (size before relaxing)
 .rodata.str1.1
                0x00000000001134e3       0x66 binaries/xsh_udpeserver.o
                                         0x8f (size before relaxing)
 *fill*         0x0000000000113549        0x3 
 .rodata.str1.4
                0x000000000011354c       0x29 binaries/xsh_udpeserver.o
                                         0x9f (size before relaxing)
 .rodata.str1.1
                0x0000000000113575       0x49 binaries/xsh_uptime.o
                                         0x8c (size before relaxing)
 *fill*         0x00000000001135be        0x2 
 .rodata.str1.4
                0x00000000001135c0       0x28 binaries/xsh_uptime.o
                                         0x76 (size before relaxing)
                0x00000000001135e8                etext = ABSOLUTE (.)
                0x0000000000114000                . = ALIGN (0x1000)
 *fill*         0x00000000001135e8      0xa18 

.eh_frame       0x0000000000114000     0x31c4
 .eh_frame      0x0000000000114000       0x58 binaries/ascdate.o
 .eh_frame      0x0000000000114058       0x14 binaries/bufinit.o
                                         0x2c (size before relaxing)
 .eh_frame      0x000000000011406c       0x34 binaries/chprio.o
                                         0x4c (size before relaxing)
 .eh_frame      0x00000000001140a0       0x18 binaries/clkhandler.o
                                         0x30 (size before relaxing)
 .eh_frame      0x00000000001140b8       0x18 binaries/clkinit.o
                                         0x30 (size before relaxing)
 .eh_frame      0x00000000001140d0       0x2c binaries/close.o
                                         0x44 (size before relaxing)
 .eh_frame      0x00000000001140fc       0x2c binaries/control.o
                                         0x44 (size before relaxing)
 .eh_frame      0x0000000000114128       0x40 binaries/create.o
                                         0x58 (size before relaxing)
 .eh_frame      0x0000000000114168       0x98 binaries/early_imr.o
                                         0xb0 (size before relaxing)
 .eh_frame      0x0000000000114200       0x94 binaries/evec.o
                                         0xac (size before relaxing)
 .eh_frame      0x0000000000114294       0x2c binaries/freebuf.o
                                         0x44 (size before relaxing)
 .eh_frame      0x00000000001142c0       0x3c binaries/freemem.o
                                         0x54 (size before relaxing)
 .eh_frame      0x00000000001142fc       0x3c binaries/getbuf.o
                                         0x54 (size before relaxing)
 .eh_frame      0x0000000000114338       0x2c binaries/getc.o
                                         0x44 (size before relaxing)
 .eh_frame      0x0000000000114364       0x3c binaries/getdev.o
                                         0x54 (size before relaxing)
 .eh_frame      0x00000000001143a0       0x4c binaries/getitem.o
                                         0x64 (size before relaxing)
 .eh_frame      0x00000000001143ec       0x2c binaries/getmem.o
                                         0x44 (size before relaxing)
 .eh_frame      0x0000000000114418       0x14 binaries/getpid.o
                                         0x2c (size before relaxing)
 .eh_frame      0x000000000011442c       0x24 binaries/getprio.o
                                         0x3c (size before relaxing)
 .eh_frame      0x0000000000114450       0x3c binaries/getstk.o
                                         0x54 (size before relaxing)
 .eh_frame      0x000000000011448c       0x18 binaries/gettime.o
                                         0x30 (size before relaxing)
 .eh_frame      0x00000000001144a4       0x24 binaries/getutime.o
                                         0x3c (size before relaxing)
 .eh_frame      0x00000000001144c8       0x2c binaries/init.o
                                         0x44 (size before relaxing)
 .eh_frame      0x00000000001144f4       0x48 binaries/initialize.o
                                         0x60 (size before relaxing)
 .eh_frame      0x000000000011453c       0x24 binaries/insert.o
                                         0x3c (size before relaxing)
 .eh_frame      0x0000000000114560       0x38 binaries/insertd.o
                                         0x50 (size before relaxing)
 .eh_frame      0x0000000000114598       0x14 binaries/ioerr.o
                                         0x2c (size before relaxing)
 .eh_frame      0x00000000001145ac       0x14 binaries/ionull.o
                                         0x2c (size before relaxing)
 .eh_frame      0x00000000001145c0       0x40 binaries/kill.o
                                         0x58 (size before relaxing)
 .eh_frame      0x0000000000114600       0x58 binaries/kprintf.o
                                         0x70 (size before relaxing)
 .eh_frame      0x0000000000114658       0x50 binaries/main.o
                                         0x68 (size before relaxing)
 .eh_frame      0x00000000001146a8       0x3c binaries/mark.o
                                         0x54 (size before relaxing)
 .eh_frame      0x00000000001146e4       0x58 binaries/meminit.o
                                         0x70 (size before relaxing)
 .eh_frame      0x000000000011473c       0x40 binaries/mkbufpool.o
                                         0x58 (size before relaxing)
 .eh_frame      0x000000000011477c       0x14 binaries/newqueue.o
                                         0x2c (size before relaxing)
 .eh_frame      0x0000000000114790       0x2c binaries/open.o
                                         0x44 (size before relaxing)
 .eh_frame      0x00000000001147bc       0x14 binaries/panic.o
                                         0x2c (size before relaxing)
 .eh_frame      0x00000000001147d0       0xe0 binaries/pci.o
                                         0xf8 (size before relaxing)
 .eh_frame      0x00000000001148b0       0x18 binaries/platinit.o
                                         0x30 (size before relaxing)
 .eh_frame      0x00000000001148c8       0x3c binaries/ptclear.o
                                         0x54 (size before relaxing)
 .eh_frame      0x0000000000114904       0x34 binaries/ptcount.o
                                         0x4c (size before relaxing)
 .eh_frame      0x0000000000114938       0x3c binaries/ptcreate.o
                                         0x54 (size before relaxing)
 .eh_frame      0x0000000000114974       0x2c binaries/ptdelete.o
                                         0x44 (size before relaxing)
 .eh_frame      0x00000000001149a0       0x2c binaries/ptinit.o
                                         0x44 (size before relaxing)
 .eh_frame      0x00000000001149cc       0x3c binaries/ptrecv.o
                                         0x54 (size before relaxing)
 .eh_frame      0x0000000000114a08       0x2c binaries/ptreset.o
                                         0x44 (size before relaxing)
 .eh_frame      0x0000000000114a34       0x34 binaries/ptsend.o
                                         0x4c (size before relaxing)
 .eh_frame      0x0000000000114a68       0x34 binaries/putc.o
                                         0x4c (size before relaxing)
 .eh_frame      0x0000000000114a9c       0x24 binaries/quark_irq.o
                                         0x3c (size before relaxing)
 .eh_frame      0x0000000000114ac0       0x60 binaries/quark_pdat.o
                                         0x78 (size before relaxing)
 .eh_frame      0x0000000000114b20       0x34 binaries/queue.o
                                         0x4c (size before relaxing)
 .eh_frame      0x0000000000114b54       0x2c binaries/read.o
                                         0x44 (size before relaxing)
 .eh_frame      0x0000000000114b80       0x18 binaries/ready.o
                                         0x30 (size before relaxing)
 .eh_frame      0x0000000000114b98       0x34 binaries/receive.o
                                         0x4c (size before relaxing)
 .eh_frame      0x0000000000114bcc       0x20 binaries/recvclr.o
                                         0x38 (size before relaxing)
 .eh_frame      0x0000000000114bec       0x3c binaries/recvtime.o
                                         0x54 (size before relaxing)
 .eh_frame      0x0000000000114c28       0x14 binaries/registercb.o
                                         0x2c (size before relaxing)
 .eh_frame      0x0000000000114c3c       0x14 binaries/registercbsig.o
                                         0x2c (size before relaxing)
 .eh_frame      0x0000000000114c50       0x4c binaries/resched.o
                                         0x64 (size before relaxing)
 .eh_frame      0x0000000000114c9c       0x34 binaries/resume.o
                                         0x4c (size before relaxing)
 .eh_frame      0x0000000000114cd0       0x2c binaries/seek.o
                                         0x44 (size before relaxing)
 .eh_frame      0x0000000000114cfc       0x24 binaries/semcount.o
                                         0x3c (size before relaxing)
 .eh_frame      0x0000000000114d20       0x3c binaries/semcreate.o
                                         0x54 (size before relaxing)
 .eh_frame      0x0000000000114d5c       0x2c binaries/semdelete.o
                                         0x44 (size before relaxing)
 .eh_frame      0x0000000000114d88       0x3c binaries/semreset.o
                                         0x54 (size before relaxing)
 .eh_frame      0x0000000000114dc4       0x2c binaries/send.o
                                         0x44 (size before relaxing)
 .eh_frame      0x0000000000114df0       0x2c binaries/signal.o
                                         0x44 (size before relaxing)
 .eh_frame      0x0000000000114e1c       0x34 binaries/signaln.o
                                         0x4c (size before relaxing)
 .eh_frame      0x0000000000114e50       0x44 binaries/sleep.o
                                         0x5c (size before relaxing)
 .eh_frame      0x0000000000114e94       0x40 binaries/stacktrace.o
                                         0x58 (size before relaxing)
 .eh_frame      0x0000000000114ed4       0x3c binaries/suspend.o
                                         0x54 (size before relaxing)
 .eh_frame      0x0000000000114f10       0x2c binaries/unsleep.o
                                         0x44 (size before relaxing)
 .eh_frame      0x0000000000114f3c       0x18 binaries/userret.o
                                         0x30 (size before relaxing)
 .eh_frame      0x0000000000114f54       0x34 binaries/wait.o
                                         0x4c (size before relaxing)
 .eh_frame      0x0000000000114f88       0x18 binaries/wakeup.o
                                         0x30 (size before relaxing)
 .eh_frame      0x0000000000114fa0       0x2c binaries/write.o
                                         0x44 (size before relaxing)
 .eh_frame      0x0000000000114fcc       0x18 binaries/xdone.o
                                         0x30 (size before relaxing)
 .eh_frame      0x0000000000114fe4       0x20 binaries/yield.o
                                         0x38 (size before relaxing)
 .eh_frame      0x0000000000115004       0x14 binaries/abs.o
                                         0x2c (size before relaxing)
 .eh_frame      0x0000000000115018       0x24 binaries/atoi.o
                                         0x3c (size before relaxing)
 .eh_frame      0x000000000011503c       0x24 binaries/atol.o
                                         0x3c (size before relaxing)
 .eh_frame      0x0000000000115060       0x14 binaries/bzero.o
                                         0x2c (size before relaxing)
 .eh_frame      0x0000000000115074       0xd4 binaries/doprnt.o
                                         0xec (size before relaxing)
 .eh_frame      0x0000000000115148       0x40 binaries/doscan.o
                                         0x58 (size before relaxing)
 .eh_frame      0x0000000000115188       0x7c binaries/fdoprnt.o
                                         0x94 (size before relaxing)
 .eh_frame      0x0000000000115204       0x18 binaries/fgetc.o
                                         0x30 (size before relaxing)
 .eh_frame      0x000000000011521c       0x3c binaries/fgets.o
                                         0x54 (size before relaxing)
 .eh_frame      0x0000000000115258       0x18 binaries/fprintf.o
                                         0x30 (size before relaxing)
 .eh_frame      0x0000000000115270       0x18 binaries/fputc.o
                                         0x30 (size before relaxing)
 .eh_frame      0x0000000000115288       0x2c binaries/fputs.o
                                         0x44 (size before relaxing)
 .eh_frame      0x00000000001152b4       0x4c binaries/fscanf.o
                                         0x64 (size before relaxing)
 .eh_frame      0x0000000000115300       0x18 binaries/getchar.o
                                         0x30 (size before relaxing)
 .eh_frame      0x0000000000115318       0x14 binaries/labs.o
                                         0x2c (size before relaxing)
 .eh_frame      0x000000000011532c       0x14 binaries/memchr.o
                                         0x2c (size before relaxing)
 .eh_frame      0x0000000000115340       0x24 binaries/memcmp.o
                                         0x3c (size before relaxing)
 .eh_frame      0x0000000000115364       0x24 binaries/memcpy.o
                                         0x3c (size before relaxing)
 .eh_frame      0x0000000000115388       0x1c binaries/memset.o
                                         0x34 (size before relaxing)
 .eh_frame      0x00000000001153a4       0x18 binaries/printf.o
                                         0x30 (size before relaxing)
 .eh_frame      0x00000000001153bc       0x18 binaries/putchar.o
                                         0x30 (size before relaxing)
 .eh_frame      0x00000000001153d4       0xa8 binaries/qsort.o
                                         0xc0 (size before relaxing)
 .eh_frame      0x000000000011547c       0x28 binaries/rand.o
                                         0x40 (size before relaxing)
 .eh_frame      0x00000000001154a4       0x3c binaries/sprintf.o
                                         0x54 (size before relaxing)
 .eh_frame      0x00000000001154e0       0x40 binaries/sscanf.o
                                         0x58 (size before relaxing)
 .eh_frame      0x0000000000115520       0x1c binaries/strchr.o
                                         0x34 (size before relaxing)
 .eh_frame      0x000000000011553c       0x1c binaries/strcmp.o
                                         0x34 (size before relaxing)
 .eh_frame      0x0000000000115558       0x14 binaries/strcpy.o
                                         0x2c (size before relaxing)
 .eh_frame      0x000000000011556c       0x14 binaries/strlen.o
                                         0x2c (size before relaxing)
 .eh_frame      0x0000000000115580       0x2c binaries/strncat.o
                                         0x44 (size before relaxing)
 .eh_frame      0x00000000001155ac       0x1c binaries/strncmp.o
                                         0x34 (size before relaxing)
 .eh_frame      0x00000000001155c8       0x30 binaries/strncpy.o
                                         0x48 (size before relaxing)
 .eh_frame      0x00000000001155f8       0x14 binaries/strnlen.o
                                         0x2c (size before relaxing)
 .eh_frame      0x000000000011560c       0x1c binaries/strrchr.o
                                         0x34 (size before relaxing)
 .eh_frame      0x0000000000115628       0x38 binaries/strstr.o
                                         0x50 (size before relaxing)
 .eh_frame      0x0000000000115660       0x2c binaries/ttycontrol.o
                                         0x44 (size before relaxing)
 .eh_frame      0x000000000011568c       0x2c binaries/ttygetc.o
                                         0x44 (size before relaxing)
 .eh_frame      0x00000000001156b8       0x9c binaries/ttyhandle_in.o
                                         0xb4 (size before relaxing)
 .eh_frame      0x0000000000115754       0x40 binaries/ttyhandle_out.o
                                         0x58 (size before relaxing)
 .eh_frame      0x0000000000115794       0x2c binaries/ttyhandler.o
                                         0x44 (size before relaxing)
 .eh_frame      0x00000000001157c0       0x2c binaries/ttyinit.o
                                         0x44 (size before relaxing)
 .eh_frame      0x00000000001157ec       0x14 binaries/ttykickout.o
                                         0x2c (size before relaxing)
 .eh_frame      0x0000000000115800       0x34 binaries/ttyputc.o
                                         0x4c (size before relaxing)
 .eh_frame      0x0000000000115834       0x3c binaries/ttyread.o
                                         0x54 (size before relaxing)
 .eh_frame      0x0000000000115870       0x34 binaries/ttywrite.o
                                         0x4c (size before relaxing)
 .eh_frame      0x00000000001158a4       0x50 binaries/mount.o
                                         0x68 (size before relaxing)
 .eh_frame      0x00000000001158f4       0x40 binaries/naminit.o
                                         0x58 (size before relaxing)
 .eh_frame      0x0000000000115934       0xa4 binaries/nammap.o
                                         0xbc (size before relaxing)
 .eh_frame      0x00000000001159d8       0x1c binaries/namopen.o
                                         0x34 (size before relaxing)
 .eh_frame      0x00000000001159f4       0x3c binaries/colon2mac.o
                                         0x54 (size before relaxing)
 .eh_frame      0x0000000000115a30       0x18 binaries/ethcontrol.o
                                         0x30 (size before relaxing)
 .eh_frame      0x0000000000115a48       0x3c binaries/ethhandler.o
                                         0x54 (size before relaxing)
 .eh_frame      0x0000000000115a84       0x94 binaries/ethinit.o
                                         0xac (size before relaxing)
 .eh_frame      0x0000000000115b18       0x68 binaries/ethmcast.o
                                         0x80 (size before relaxing)
 .eh_frame      0x0000000000115b80       0x40 binaries/ethread.o
                                         0x58 (size before relaxing)
 .eh_frame      0x0000000000115bc0       0x3c binaries/ethwrite.o
                                         0x54 (size before relaxing)
 .eh_frame      0x0000000000115bfc       0x24 binaries/rdsbufalloc.o
                                         0x3c (size before relaxing)
 .eh_frame      0x0000000000115c20       0x30 binaries/rdsclose.o
                                         0x48 (size before relaxing)
 .eh_frame      0x0000000000115c50       0x40 binaries/rdscomm.o
                                         0x58 (size before relaxing)
 .eh_frame      0x0000000000115c90       0x2c binaries/rdscontrol.o
                                         0x44 (size before relaxing)
 .eh_frame      0x0000000000115cbc       0x40 binaries/rdsinit.o
                                         0x58 (size before relaxing)
 .eh_frame      0x0000000000115cfc       0x40 binaries/rdsopen.o
                                         0x58 (size before relaxing)
 .eh_frame      0x0000000000115d3c       0x2c binaries/rdsprocess.o
                                         0x44 (size before relaxing)
 .eh_frame      0x0000000000115d68       0x40 binaries/rdsread.o
                                         0x58 (size before relaxing)
 .eh_frame      0x0000000000115da8       0x34 binaries/rdswrite.o
                                         0x4c (size before relaxing)
 .eh_frame      0x0000000000115ddc       0x14 binaries/ramclose.o
                                         0x2c (size before relaxing)
 .eh_frame      0x0000000000115df0       0x18 binaries/raminit.o
                                         0x30 (size before relaxing)
 .eh_frame      0x0000000000115e08       0x14 binaries/ramopen.o
                                         0x2c (size before relaxing)
 .eh_frame      0x0000000000115e1c       0x18 binaries/ramread.o
                                         0x30 (size before relaxing)
 .eh_frame      0x0000000000115e34       0x18 binaries/ramwrite.o
                                         0x30 (size before relaxing)
 .eh_frame      0x0000000000115e4c       0x2c binaries/lfdballoc.o
                                         0x44 (size before relaxing)
 .eh_frame      0x0000000000115e78       0x24 binaries/lfdbfree.o
                                         0x3c (size before relaxing)
 .eh_frame      0x0000000000115e9c       0x24 binaries/lfflush.o
                                         0x3c (size before relaxing)
 .eh_frame      0x0000000000115ec0       0x14 binaries/lfgetmode.o
                                         0x2c (size before relaxing)
 .eh_frame      0x0000000000115ed4       0x24 binaries/lfiballoc.o
                                         0x3c (size before relaxing)
 .eh_frame      0x0000000000115ef8       0x14 binaries/lfibclear.o
                                         0x2c (size before relaxing)
 .eh_frame      0x0000000000115f0c       0x40 binaries/lfibget.o
                                         0x58 (size before relaxing)
 .eh_frame      0x0000000000115f4c       0x40 binaries/lfibput.o
                                         0x58 (size before relaxing)
 .eh_frame      0x0000000000115f8c       0x2c binaries/lflclose.o
                                         0x44 (size before relaxing)
 .eh_frame      0x0000000000115fb8       0x2c binaries/lflcontrol.o
                                         0x44 (size before relaxing)
 .eh_frame      0x0000000000115fe4       0x2c binaries/lflgetc.o
                                         0x44 (size before relaxing)
 .eh_frame      0x0000000000116010       0x24 binaries/lflinit.o
                                         0x3c (size before relaxing)
 .eh_frame      0x0000000000116034       0x34 binaries/lflputc.o
                                         0x4c (size before relaxing)
 .eh_frame      0x0000000000116068       0x3c binaries/lflread.o
                                         0x54 (size before relaxing)
 .eh_frame      0x00000000001160a4       0x34 binaries/lflseek.o
                                         0x4c (size before relaxing)
 .eh_frame      0x00000000001160d8       0x3c binaries/lflwrite.o
                                         0x54 (size before relaxing)
 .eh_frame      0x0000000000116114       0x40 binaries/lfsckfmt.o
                                         0x58 (size before relaxing)
 .eh_frame      0x0000000000116154       0x40 binaries/lfscreate.o
                                         0x58 (size before relaxing)
 .eh_frame      0x0000000000116194       0x40 binaries/lfsetup.o
                                         0x58 (size before relaxing)
 .eh_frame      0x00000000001161d4       0x18 binaries/lfsinit.o
                                         0x30 (size before relaxing)
 .eh_frame      0x00000000001161ec       0x40 binaries/lfsopen.o
                                         0x58 (size before relaxing)
 .eh_frame      0x000000000011622c       0x40 binaries/lftruncate.o
                                         0x58 (size before relaxing)
 .eh_frame      0x000000000011626c       0x18 binaries/rflclose.o
                                         0x30 (size before relaxing)
 .eh_frame      0x0000000000116284       0x18 binaries/rflgetc.o
                                         0x30 (size before relaxing)
 .eh_frame      0x000000000011629c       0x14 binaries/rflinit.o
                                         0x2c (size before relaxing)
 .eh_frame      0x00000000001162b0       0x18 binaries/rflputc.o
                                         0x30 (size before relaxing)
 .eh_frame      0x00000000001162c8       0x40 binaries/rflread.o
                                         0x58 (size before relaxing)
 .eh_frame      0x0000000000116308       0x18 binaries/rflseek.o
                                         0x30 (size before relaxing)
 .eh_frame      0x0000000000116320       0x40 binaries/rflwrite.o
                                         0x58 (size before relaxing)
 .eh_frame      0x0000000000116360       0x40 binaries/rfscomm.o
                                         0x58 (size before relaxing)
 .eh_frame      0x00000000001163a0       0x2c binaries/rfscontrol.o
                                         0x44 (size before relaxing)
 .eh_frame      0x00000000001163cc       0x14 binaries/rfsgetmode.o
                                         0x2c (size before relaxing)
 .eh_frame      0x00000000001163e0       0x18 binaries/rfsinit.o
                                         0x30 (size before relaxing)
 .eh_frame      0x00000000001163f8       0x1c binaries/rfsndmsg.o
                                         0x34 (size before relaxing)
 .eh_frame      0x0000000000116414       0x2c binaries/rfsopen.o
                                         0x44 (size before relaxing)
 .eh_frame      0x0000000000116440       0xf0 binaries/arp.o
                                        0x108 (size before relaxing)
 .eh_frame      0x0000000000116530       0xec binaries/dhcp.o
                                        0x104 (size before relaxing)
 .eh_frame      0x000000000011661c       0x38 binaries/dot2ip.o
                                         0x50 (size before relaxing)
 .eh_frame      0x0000000000116654       0x74 binaries/hexdump.o
                                         0x8c (size before relaxing)
 .eh_frame      0x00000000001166c8      0x1b8 binaries/icmp.o
                                        0x1d0 (size before relaxing)
 .eh_frame      0x0000000000116880      0x130 binaries/ip.o
                                        0x148 (size before relaxing)
 .eh_frame      0x00000000001169b0       0x60 binaries/net.o
                                         0x78 (size before relaxing)
 .eh_frame      0x0000000000116a10       0x24 binaries/netstart.o
                                         0x3c (size before relaxing)
 .eh_frame      0x0000000000116a34       0x48 binaries/pdump.o
                                         0x60 (size before relaxing)
 .eh_frame      0x0000000000116a7c       0x98 binaries/tftp.o
                                         0xb0 (size before relaxing)
 .eh_frame      0x0000000000116b14      0x1e8 binaries/udp.o
                                        0x200 (size before relaxing)
 .eh_frame      0x0000000000116cfc       0x3c binaries/addargs.o
                                         0x54 (size before relaxing)
 .eh_frame      0x0000000000116d38       0x38 binaries/lexan.o
                                         0x50 (size before relaxing)
 .eh_frame      0x0000000000116d70       0x40 binaries/shell.o
                                         0x58 (size before relaxing)
 .eh_frame      0x0000000000116db0       0x34 binaries/xsh_argecho.o
                                         0x4c (size before relaxing)
 .eh_frame      0x0000000000116de4       0x40 binaries/xsh_arp.o
                                         0x58 (size before relaxing)
 .eh_frame      0x0000000000116e24       0x40 binaries/xsh_cat.o
                                         0x58 (size before relaxing)
 .eh_frame      0x0000000000116e64       0x18 binaries/xsh_clear.o
                                         0x30 (size before relaxing)
 .eh_frame      0x0000000000116e7c       0x24 binaries/xsh_date.o
[...]
 .comment       0x0000000000000000       0x2b binaries/icmp.o
 .comment       0x0000000000000000       0x2b binaries/ip.o
 .comment       0x0000000000000000       0x2b binaries/net.o
 .comment       0x0000000000000000       0x2b binaries/netstart.o
 .comment       0x0000000000000000       0x2b binaries/pdump.o
 .comment       0x0000000000000000       0x2b binaries/tftp.o
 .comment       0x0000000000000000       0x2b binaries/udp.o
 .comment       0x0000000000000000       0x2b binaries/addargs.o
 .comment       0x0000000000000000       0x2b binaries/lexan.o
 .comment       0x0000000000000000       0x2b binaries/shell.o
 .comment       0x0000000000000000       0x2b binaries/xsh_argecho.o
 .comment       0x0000000000000000       0x2b binaries/xsh_arp.o
 .comment       0x0000000000000000       0x2b binaries/xsh_cat.o
 .comment       0x0000000000000000       0x2b binaries/xsh_clear.o
 .comment       0x0000000000000000       0x2b binaries/xsh_date.o
 .comment       0x0000000000000000       0x2b binaries/xsh_devdump.o
 .comment       0x0000000000000000       0x2b binaries/xsh_echo.o
 .comment       0x0000000000000000       0x2b binaries/xsh_exit.o
 .comment       0x0000000000000000       0x2b binaries/xsh_help.o
 .comment       0x0000000000000000       0x2b binaries/xsh_ipaddr.o
 .comment       0x0000000000000000       0x2b binaries/xsh_kill.o
 .comment       0x0000000000000000       0x2b binaries/xsh_memdump.o
 .comment       0x0000000000000000       0x2b binaries/xsh_memstat.o
 .comment       0x0000000000000000       0x2b binaries/xsh_ping.o
 .comment       0x0000000000000000       0x2b binaries/xsh_ps.o
 .comment       0x0000000000000000       0x2b binaries/xsh_sleep.o
 .comment       0x0000000000000000       0x2b binaries/xsh_udpdump.o
 .comment       0x0000000000000000       0x2b binaries/xsh_udpecho.o
 .comment       0x0000000000000000       0x2b binaries/xsh_udpeserver.o
 .comment       0x0000000000000000       0x2b binaries/xsh_uptime.o

.note.GNU-stack
                0x0000000000000000        0x0
 .note.GNU-stack
                0x0000000000000000        0x0 binaries/ascdate.o
 .note.GNU-stack
                0x0000000000000000        0x0 binaries/bufinit.o
 .note.GNU-stack
                0x0000000000000000        0x0 binaries/chprio.o
 .note.GNU-stack
                0x0000000000000000        0x0 binaries/clkhandler.o
 .note.GNU-stack
                0x0000000000000000        0x0 binaries/clkinit.o
 .note.GNU-stack
                0x0000000000000000        0x0 binaries/close.o
 .note.GNU-stack
                0x0000000000000000        0x0 binaries/conf.o
 .note.GNU-stack
                0x0000000000000000        0x0 binaries/control.o
 .note.GNU-stack
                0x0000000000000000        0x0 binaries/create.o
 .note.GNU-stack
                0x0000000000000000        0x0 binaries/early_imr.o
 .note.GNU-stack
                0x0000000000000000        0x0 binaries/evec.o
 .note.GNU-stack
                0x0000000000000000        0x0 binaries/freebuf.o
 .note.GNU-stack
                0x0000000000000000        0x0 binaries/freemem.o
 .note.GNU-stack
                0x0000000000000000        0x0 binaries/getbuf.o
 .note.GNU-stack
                0x0000000000000000        0x0 binaries/getc.o
 .note.GNU-stack
                0x0000000000000000        0x0 binaries/getdev.o
 .note.GNU-stack
                0x0000000000000000        0x0 binaries/getitem.o
 .note.GNU-stack
                0x0000000000000000        0x0 binaries/getmem.o
 .note.GNU-stack
                0x0000000000000000        0x0 binaries/getpid.o
 .note.GNU-stack
                0x0000000000000000        0x0 binaries/getprio.o
 .note.GNU-stack
                0x0000000000000000        0x0 binaries/getstk.o
 .note.GNU-stack
                0x0000000000000000        0x0 binaries/gettime.o
 .note.GNU-stack
                0x0000000000000000        0x0 binaries/getutime.o
 .note.GNU-stack
                0x0000000000000000        0x0 binaries/init.o
 .note.GNU-stack
                0x0000000000000000        0x0 binaries/initialize.o
 .note.GNU-stack
                0x0000000000000000        0x0 binaries/insert.o
 .note.GNU-stack
                0x0000000000000000        0x0 binaries/insertd.o
 .note.GNU-stack
                0x0000000000000000        0x0 binaries/ioerr.o
 .note.GNU-stack
                0x0000000000000000        0x0 binaries/ionull.o
 .note.GNU-stack
                0x0000000000000000        0x0 binaries/kill.o
 .note.GNU-stack
                0x0000000000000000        0x0 binaries/kprintf.o
 .note.GNU-stack
                0x0000000000000000        0x0 binaries/main.o
 .note.GNU-stack
                0x0000000000000000        0x0 binaries/mark.o
 .note.GNU-stack
                0x0000000000000000        0x0 binaries/meminit.o
 .note.GNU-stack
                0x0000000000000000        0x0 binaries/mkbufpool.o
 .note.GNU-stack
                0x0000000000000000        0x0 binaries/newqueue.o
 .note.GNU-stack
                0x0000000000000000        0x0 binaries/open.o
 .note.GNU-stack
                0x0000000000000000        0x0 binaries/panic.o
 .note.GNU-stack
                0x0000000000000000        0x0 binaries/pci.o
 .note.GNU-stack
                0x0000000000000000        0x0 binaries/platinit.o
 .note.GNU-stack
                0x0000000000000000        0x0 binaries/ptclear.o
 .note.GNU-stack
                0x0000000000000000        0x0 binaries/ptcount.o
 .note.GNU-stack
                0x0000000000000000        0x0 binaries/ptcreate.o
 .note.GNU-stack
                0x0000000000000000        0x0 binaries/ptdelete.o
 .note.GNU-stack
                0x0000000000000000        0x0 binaries/ptinit.o
 .note.GNU-stack
                0x0000000000000000        0x0 binaries/ptrecv.o
 .note.GNU-stack
                0x0000000000000000        0x0 binaries/ptreset.o
 .note.GNU-stack
                0x0000000000000000        0x0 binaries/ptsend.o
 .note.GNU-stack
                0x0000000000000000        0x0 binaries/putc.o
 .note.GNU-stack
                0x0000000000000000        0x0 binaries/quark_irq.o
 .note.GNU-stack
                0x0000000000000000        0x0 binaries/quark_pdat.o
 .note.GNU-stack
                0x0000000000000000        0x0 binaries/queue.o
 .note.GNU-stack
                0x0000000000000000        0x0 binaries/read.o
 .note.GNU-stack
                0x0000000000000000        0x0 binaries/ready.o
 .note.GNU-stack
                0x0000000000000000        0x0 binaries/receive.o
 .note.GNU-stack
                0x0000000000000000        0x0 binaries/recvclr.o
 .note.GNU-stack
                0x0000000000000000        0x0 binaries/recvtime.o
 .note.GNU-stack
                0x0000000000000000        0x0 binaries/registercb.o
 .note.GNU-stack
                0x0000000000000000        0x0 binaries/registercbsig.o
 .note.GNU-stack
                0x0000000000000000        0x0 binaries/resched.o
 .note.GNU-stack
                0x0000000000000000        0x0 binaries/resume.o
 .note.GNU-stack
                0x0000000000000000        0x0 binaries/seek.o
 .note.GNU-stack
                0x0000000000000000        0x0 binaries/semcount.o
 .note.GNU-stack
                0x0000000000000000        0x0 binaries/semcreate.o
 .note.GNU-stack
                0x0000000000000000        0x0 binaries/semdelete.o
 .note.GNU-stack
                0x0000000000000000        0x0 binaries/semreset.o
 .note.GNU-stack
                0x0000000000000000        0x0 binaries/send.o
 .note.GNU-stack
                0x0000000000000000        0x0 binaries/signal.o
 .note.GNU-stack
                0x0000000000000000        0x0 binaries/signaln.o
 .note.GNU-stack
                0x0000000000000000        0x0 binaries/sleep.o
 .note.GNU-stack
                0x0000000000000000        0x0 binaries/stacktrace.o
 .note.GNU-stack
                0x0000000000000000        0x0 binaries/suspend.o
 .note.GNU-stack
                0x0000000000000000        0x0 binaries/unsleep.o
 .note.GNU-stack
                0x0000000000000000        0x0 binaries/userret.o
 .note.GNU-stack
                0x0000000000000000        0x0 binaries/wait.o
 .note.GNU-stack
                0x0000000000000000        0x0 binaries/wakeup.o
 .note.GNU-stack
                0x0000000000000000        0x0 binaries/write.o
 .note.GNU-stack
                0x0000000000000000        0x0 binaries/xdone.o
 .note.GNU-stack
                0x0000000000000000        0x0 binaries/yield.o
 .note.GNU-stack
                0x0000000000000000        0x0 binaries/abs.o
 .note.GNU-stack
                0x0000000000000000        0x0 binaries/atoi.o
 .note.GNU-stack
                0x0000000000000000        0x0 binaries/atol.o
 .note.GNU-stack
                0x0000000000000000        0x0 binaries/bzero.o
 .note.GNU-stack
                0x0000000000000000        0x0 binaries/ctype_.o
 .note.GNU-stack
                0x0000000000000000        0x0 binaries/doprnt.o
 .note.GNU-stack
                0x0000000000000000        0x0 binaries/doscan.o
 .note.GNU-stack
                0x0000000000000000        0x0 binaries/fdoprnt.o
 .note.GNU-stack
                0x0000000000000000        0x0 binaries/fgetc.o
 .note.GNU-stack
                0x0000000000000000        0x0 binaries/fgets.o
 .note.GNU-stack
                0x0000000000000000        0x0 binaries/fprintf.o
 .note.GNU-stack
                0x0000000000000000        0x0 binaries/fputc.o
 .note.GNU-stack
                0x0000000000000000        0x0 binaries/fputs.o
 .note.GNU-stack
                0x0000000000000000        0x0 binaries/fscanf.o
 .note.GNU-stack
                0x0000000000000000        0x0 binaries/getchar.o
 .note.GNU-stack
                0x0000000000000000        0x0 binaries/labs.o
 .note.GNU-stack
                0x0000000000000000        0x0 binaries/memchr.o
 .note.GNU-stack
                0x0000000000000000        0x0 binaries/memcmp.o
 .note.GNU-stack
                0x0000000000000000        0x0 binaries/memcpy.o
 .note.GNU-stack
                0x0000000000000000        0x0 binaries/memset.o
 .note.GNU-stack
                0x0000000000000000        0x0 binaries/printf.o
 .note.GNU-stack
                0x0000000000000000        0x0 binaries/putchar.o
 .note.GNU-stack
                0x0000000000000000        0x0 binaries/qsort.o
 .note.GNU-stack
                0x0000000000000000        0x0 binaries/rand.o
 .note.GNU-stack
                0x0000000000000000        0x0 binaries/sprintf.o
 .note.GNU-stack
                0x0000000000000000        0x0 binaries/sscanf.o
 .note.GNU-stack
                0x0000000000000000        0x0 binaries/strchr.o
 .note.GNU-stack
                0x0000000000000000        0x0 binaries/strcmp.o
 .note.GNU-stack
                0x0000000000000000        0x0 binaries/strcpy.o
 .note.GNU-stack
                0x0000000000000000        0x0 binaries/strlen.o
 .note.GNU-stack
                0x0000000000000000        0x0 binaries/strncat.o
 .note.GNU-stack
                0x0000000000000000        0x0 binaries/strncmp.o
 .note.GNU-stack
                0x0000000000000000        0x0 binaries/strncpy.o
 .note.GNU-stack
                0x0000000000000000        0x0 binaries/strnlen.o
 .note.GNU-stack
                0x0000000000000000        0x0 binaries/strrchr.o
 .note.GNU-stack
                0x0000000000000000        0x0 binaries/strstr.o
 .note.GNU-stack
                0x0000000000000000        0x0 binaries/ttycontrol.o
 .note.GNU-stack
                0x0000000000000000        0x0 binaries/ttygetc.o
 .note.GNU-stack
                0x0000000000000000        0x0 binaries/ttyhandle_in.o
 .note.GNU-stack
                0x0000000000000000        0x0 binaries/ttyhandle_out.o
 .note.GNU-stack
                0x0000000000000000        0x0 binaries/ttyhandler.o
 .note.GNU-stack
                0x0000000000000000        0x0 binaries/ttyinit.o
 .note.GNU-stack
                0x0000000000000000        0x0 binaries/ttykickout.o
 .note.GNU-stack
                0x0000000000000000        0x0 binaries/ttyputc.o
 .note.GNU-stack
                0x0000000000000000        0x0 binaries/ttyread.o
 .note.GNU-stack
                0x0000000000000000        0x0 binaries/ttywrite.o
 .note.GNU-stack
                0x0000000000000000        0x0 binaries/mount.o
 .note.GNU-stack
                0x0000000000000000        0x0 binaries/naminit.o
 .note.GNU-stack
                0x0000000000000000        0x0 binaries/nammap.o
 .note.GNU-stack
                0x0000000000000000        0x0 binaries/namopen.o
 .note.GNU-stack
                0x0000000000000000        0x0 binaries/colon2mac.o
 .note.GNU-stack
                0x0000000000000000        0x0 binaries/ethcontrol.o
 .note.GNU-stack
                0x0000000000000000        0x0 binaries/ethhandler.o
 .note.GNU-stack
                0x0000000000000000        0x0 binaries/ethinit.o
 .note.GNU-stack
                0x0000000000000000        0x0 binaries/ethmcast.o
 .note.GNU-stack
                0x0000000000000000        0x0 binaries/ethread.o
 .note.GNU-stack
                0x0000000000000000        0x0 binaries/ethwrite.o
 .note.GNU-stack
                0x0000000000000000        0x0 binaries/rdsbufalloc.o
 .note.GNU-stack
                0x0000000000000000        0x0 binaries/rdsclose.o
 .note.GNU-stack
                0x0000000000000000        0x0 binaries/rdscomm.o
 .note.GNU-stack
                0x0000000000000000        0x0 binaries/rdscontrol.o
 .note.GNU-stack
                0x0000000000000000        0x0 binaries/rdsinit.o
 .note.GNU-stack
                0x0000000000000000        0x0 binaries/rdsopen.o
 .note.GNU-stack
                0x0000000000000000        0x0 binaries/rdsprocess.o
 .note.GNU-stack
                0x0000000000000000        0x0 binaries/rdsread.o
 .note.GNU-stack
                0x0000000000000000        0x0 binaries/rdswrite.o
 .note.GNU-stack
                0x0000000000000000        0x0 binaries/ramclose.o
 .note.GNU-stack
                0x0000000000000000        0x0 binaries/raminit.o
 .note.GNU-stack
                0x0000000000000000        0x0 binaries/ramopen.o
 .note.GNU-stack
                0x0000000000000000        0x0 binaries/ramread.o
 .note.GNU-stack
                0x0000000000000000        0x0 binaries/ramwrite.o
 .note.GNU-stack
                0x0000000000000000        0x0 binaries/lfdballoc.o
 .note.GNU-stack
                0x0000000000000000        0x0 binaries/lfdbfree.o
 .note.GNU-stack
                0x0000000000000000        0x0 binaries/lfflush.o
 .note.GNU-stack
                0x0000000000000000        0x0 binaries/lfgetmode.o
 .note.GNU-stack
                0x0000000000000000        0x0 binaries/lfiballoc.o
 .note.GNU-stack
                0x0000000000000000        0x0 binaries/lfibclear.o
 .note.GNU-stack
                0x0000000000000000        0x0 binaries/lfibget.o
 .note.GNU-stack
                0x0000000000000000        0x0 binaries/lfibput.o
 .note.GNU-stack
                0x0000000000000000        0x0 binaries/lflclose.o
 .note.GNU-stack
                0x0000000000000000        0x0 binaries/lflcontrol.o
 .note.GNU-stack
                0x0000000000000000        0x0 binaries/lflgetc.o
 .note.GNU-stack
                0x0000000000000000        0x0 binaries/lflinit.o
 .note.GNU-stack
                0x0000000000000000        0x0 binaries/lflputc.o
 .note.GNU-stack
                0x0000000000000000        0x0 binaries/lflread.o
 .note.GNU-stack
                0x0000000000000000        0x0 binaries/lflseek.o
 .note.GNU-stack
                0x0000000000000000        0x0 binaries/lflwrite.o
 .note.GNU-stack
                0x0000000000000000        0x0 binaries/lfsckfmt.o
 .note.GNU-stack
                0x0000000000000000        0x0 binaries/lfscreate.o
 .note.GNU-stack
                0x0000000000000000        0x0 binaries/lfsetup.o
 .note.GNU-stack
                0x0000000000000000        0x0 binaries/lfsinit.o
 .note.GNU-stack
                0x0000000000000000        0x0 binaries/lfsopen.o
 .note.GNU-stack
                0x0000000000000000        0x0 binaries/lftruncate.o
 .note.GNU-stack
                0x0000000000000000        0x0 binaries/rflclose.o
 .note.GNU-stack
                0x0000000000000000        0x0 binaries/rflgetc.o
 .note.GNU-stack
                0x0000000000000000        0x0 binaries/rflinit.o
 .note.GNU-stack
                0x0000000000000000        0x0 binaries/rflputc.o
 .note.GNU-stack
                0x0000000000000000        0x0 binaries/rflread.o
 .note.GNU-stack
                0x0000000000000000        0x0 binaries/rflseek.o
 .note.GNU-stack
                0x0000000000000000        0x0 binaries/rflwrite.o
 .note.GNU-stack
                0x0000000000000000        0x0 binaries/rfscomm.o
 .note.GNU-stack
                0x0000000000000000        0x0 binaries/rfscontrol.o
 .note.GNU-stack
                0x0000000000000000        0x0 binaries/rfsgetmode.o
 .note.GNU-stack
                0x0000000000000000        0x0 binaries/rfsinit.o
 .note.GNU-stack
                0x0000000000000000        0x0 binaries/rfsndmsg.o
 .note.GNU-stack
                0x0000000000000000        0x0 binaries/rfsopen.o
 .note.GNU-stack
                0x0000000000000000        0x0 binaries/arp.o
 .note.GNU-stack
                0x0000000000000000        0x0 binaries/dhcp.o
 .note.GNU-stack
                0x0000000000000000        0x0 binaries/dot2ip.o
 .note.GNU-stack
                0x0000000000000000        0x0 binaries/hexdump.o
 .note.GNU-stack
                0x0000000000000000        0x0 binaries/icmp.o
 .note.GNU-stack
                0x0000000000000000        0x0 binaries/ip.o
 .note.GNU-stack
                0x0000000000000000        0x0 binaries/net.o
 .note.GNU-stack
                0x0000000000000000        0x0 binaries/netstart.o
 .note.GNU-stack
                0x0000000000000000        0x0 binaries/pdump.o
 .note.GNU-stack
                0x0000000000000000        0x0 binaries/tftp.o
 .note.GNU-stack
                0x0000000000000000        0x0 binaries/udp.o
 .note.GNU-stack
                0x0000000000000000        0x0 binaries/addargs.o
 .note.GNU-stack
                0x0000000000000000        0x0 binaries/lexan.o
 .note.GNU-stack
                0x0000000000000000        0x0 binaries/shell.o
 .note.GNU-stack
                0x0000000000000000        0x0 binaries/xsh_argecho.o
 .note.GNU-stack
                0x0000000000000000        0x0 binaries/xsh_arp.o
 .note.GNU-stack
                0x0000000000000000        0x0 binaries/xsh_cat.o
 .note.GNU-stack
                0x0000000000000000        0x0 binaries/xsh_clear.o
 .note.GNU-stack
                0x0000000000000000        0x0 binaries/xsh_date.o
 .note.GNU-stack
                0x0000000000000000        0x0 binaries/xsh_devdump.o
 .note.GNU-stack
                0x0000000000000000        0x0 binaries/xsh_echo.o
 .note.GNU-stack
                0x0000000000000000        0x0 binaries/xsh_exit.o
 .note.GNU-stack
                0x0000000000000000        0x0 binaries/xsh_help.o
 .note.GNU-stack
                0x0000000000000000        0x0 binaries/xsh_ipaddr.o
 .note.GNU-stack
                0x0000000000000000        0x0 binaries/xsh_kill.o
 .note.GNU-stack
                0x0000000000000000        0x0 binaries/xsh_memdump.o
 .note.GNU-stack
                0x0000000000000000        0x0 binaries/xsh_memstat.o
 .note.GNU-stack
                0x0000000000000000        0x0 binaries/xsh_ping.o
 .note.GNU-stack
                0x0000000000000000        0x0 binaries/xsh_ps.o
 .note.GNU-stack
                0x0000000000000000        0x0 binaries/xsh_sleep.o
 .note.GNU-stack
                0x0000000000000000        0x0 binaries/xsh_udpdump.o
 .note.GNU-stack
                0x0000000000000000        0x0 binaries/xsh_udpecho.o
 .note.GNU-stack
                0x0000000000000000        0x0 binaries/xsh_udpeserver.o
 .note.GNU-stack
                0x0000000000000000        0x0 binaries/xsh_uptime.o
